Component: ARM Compiler 5.06 update 6 (build 750) Tool: armlink [4d35ed]

==============================================================================

Section Cross References

    startup_stm32f051x8.o(STACK) refers (Special) to heapauxi.o(.text) for __use_two_region_memory
    startup_stm32f051x8.o(HEAP) refers (Special) to heapauxi.o(.text) for __use_two_region_memory
    startup_stm32f051x8.o(RESET) refers (Special) to heapauxi.o(.text) for __use_two_region_memory
    startup_stm32f051x8.o(RESET) refers to startup_stm32f051x8.o(STACK) for __initial_sp
    startup_stm32f051x8.o(RESET) refers to startup_stm32f051x8.o(.text) for Reset_Handler
    startup_stm32f051x8.o(RESET) refers to stm32f0xx_it.o(i.NMI_Handler) for NMI_Handler
    startup_stm32f051x8.o(RESET) refers to stm32f0xx_it.o(i.HardFault_Handler) for HardFault_Handler
    startup_stm32f051x8.o(RESET) refers to stm32f0xx_it.o(i.SVC_Handler) for SVC_Handler
    startup_stm32f051x8.o(RESET) refers to stm32f0xx_it.o(i.PendSV_Handler) for PendSV_Handler
    startup_stm32f051x8.o(RESET) refers to stm32f0xx_it.o(i.SysTick_Handler) for SysTick_Handler
    startup_stm32f051x8.o(.text) refers (Special) to heapauxi.o(.text) for __use_two_region_memory
    startup_stm32f051x8.o(.text) refers to system_stm32f0xx.o(i.SystemInit) for SystemInit
    startup_stm32f051x8.o(.text) refers to __main.o(!!!main) for __main
    startup_stm32f051x8.o(.text) refers to startup_stm32f051x8.o(HEAP) for Heap_Mem
    startup_stm32f051x8.o(.text) refers to startup_stm32f051x8.o(STACK) for Stack_Mem
    gpio.o(i.MX_GPIO_Init) refers to rt_memclr.o(.text) for __aeabi_memclr4
    gpio.o(i.MX_GPIO_Init) refers to stm32f0xx_hal_gpio.o(i.HAL_GPIO_WritePin) for HAL_GPIO_WritePin
    gpio.o(i.MX_GPIO_Init) refers to stm32f0xx_hal_gpio.o(i.HAL_GPIO_Init) for HAL_GPIO_Init
    gpio.o(.ARM.exidx) refers to gpio.o(i.MX_GPIO_Init) for i.MX_GPIO_Init
    stm32f0xx_it.o(i.SysTick_Handler) refers to stm32f0xx_hal.o(i.HAL_IncTick) for HAL_IncTick
    stm32f0xx_it.o(i.SysTick_Handler) refers to api_led.o(i._ZN4CLed9runToggleEv) for CLed::runToggle()
    stm32f0xx_it.o(i.SysTick_Handler) refers to stm32f0xx_it.o(.bss) for LED
    stm32f0xx_it.o(i.__sti___14_stm32f0xx_it_c_LED) refers to api_led.o(i._ZN4CLedC1EP12GPIO_TypeDeftt) for CLed::CLed(GPIO_TypeDef*, unsigned short, unsigned short)
    stm32f0xx_it.o(i.__sti___14_stm32f0xx_it_c_LED) refers to stm32f0xx_it.o(.bss) for LED
    stm32f0xx_it.o(.ARM.exidx) refers to stm32f0xx_it.o(i.NMI_Handler) for i.NMI_Handler
    stm32f0xx_it.o(.ARM.exidx) refers to stm32f0xx_it.o(i.HardFault_Handler) for i.HardFault_Handler
    stm32f0xx_it.o(.ARM.exidx) refers to stm32f0xx_it.o(i.SVC_Handler) for i.SVC_Handler
    stm32f0xx_it.o(.ARM.exidx) refers to stm32f0xx_it.o(i.PendSV_Handler) for i.PendSV_Handler
    stm32f0xx_it.o(.ARM.exidx) refers to stm32f0xx_it.o(i.SysTick_Handler) for i.SysTick_Handler
    stm32f0xx_it.o(.ARM.exidx) refers to stm32f0xx_it.o(i.__sti___14_stm32f0xx_it_c_LED) for i.__sti___14_stm32f0xx_it_c_LED
    stm32f0xx_it.o(.init_array) refers to stm32f0xx_it.o(i.__sti___14_stm32f0xx_it_c_LED) for __sti___14_stm32f0xx_it_c_LED
    stm32f0xx_it.o(.init_array) refers to init_aeabi.o(.text) for __cpp_initialize__aeabi_
    stm32f0xx_hal_msp.o(.ARM.exidx) refers to stm32f0xx_hal_msp.o(i.HAL_MspInit) for i.HAL_MspInit
    main.o(i._Z15SysTick_Handlerv) refers to stm32f0xx_hal.o(i.HAL_IncTick) for HAL_IncTick
    main.o(i._Z18SystemClock_Configv) refers to rt_memclr.o(.text) for __aeabi_memclr4
    main.o(i._Z18SystemClock_Configv) refers to stm32f0xx_hal_rcc.o(i.HAL_RCC_OscConfig) for HAL_RCC_OscConfig
    main.o(i._Z18SystemClock_Configv) refers to main.o(i.Error_Handler) for Error_Handler
    main.o(i._Z18SystemClock_Configv) refers to stm32f0xx_hal_rcc.o(i.HAL_RCC_ClockConfig) for HAL_RCC_ClockConfig
    main.o(i._Z18SystemClock_Configv) refers to stm32f0xx_hal_rcc.o(i.HAL_RCC_GetHCLKFreq) for HAL_RCC_GetHCLKFreq
    main.o(i._Z18SystemClock_Configv) refers to aeabi_sdiv.o(.text) for __aeabi_uidivmod
    main.o(i._Z18SystemClock_Configv) refers to stm32f0xx_hal_cortex.o(i.HAL_SYSTICK_Config) for HAL_SYSTICK_Config
    main.o(i._Z18SystemClock_Configv) refers to stm32f0xx_hal_cortex.o(i.HAL_SYSTICK_CLKSourceConfig) for HAL_SYSTICK_CLKSourceConfig
    main.o(i.main) refers to stm32f0xx_hal.o(i.HAL_Init) for HAL_Init
    main.o(i.main) refers to main.o(i._Z18SystemClock_Configv) for SystemClock_Config()
    main.o(i.main) refers to gpio.o(i.MX_GPIO_Init) for MX_GPIO_Init
    main.o(.ARM.exidx) refers to main.o(i.Error_Handler) for i.Error_Handler
    main.o(.ARM.exidx) refers to main.o(i._Z18SystemClock_Configv) for i._Z18SystemClock_Configv
    main.o(.ARM.exidx) refers to main.o(i.main) for i.main
    main.o(.ARM.exidx) refers to main.o(i._Z15SysTick_Handlerv) for i._Z15SysTick_Handlerv
    api_led.o(i._ZN4CLed2onEv) refers to stm32f0xx_hal_gpio.o(i.HAL_GPIO_WritePin) for HAL_GPIO_WritePin
[...]
    libinit.o(.ARM.Collect$$libinit$$00000000) refers (Special) to libinit2.o(.ARM.Collect$$libinit$$0000002C) for __rt_lib_init_argv_1
    libinit.o(.ARM.Collect$$libinit$$00000000) refers (Special) to libinit2.o(.ARM.Collect$$libinit$$0000001B) for __rt_lib_init_atexit_1
    libinit.o(.ARM.Collect$$libinit$$00000000) refers (Special) to libinit2.o(.ARM.Collect$$libinit$$00000021) for __rt_lib_init_clock_1
    libinit.o(.ARM.Collect$$libinit$$00000000) refers (Special) to libinit2.o(.ARM.Collect$$libinit$$00000032) for __rt_lib_init_cpp_1
    libinit.o(.ARM.Collect$$libinit$$00000000) refers (Special) to libinit2.o(.ARM.Collect$$libinit$$00000030) for __rt_lib_init_exceptions_1
    libinit.o(.ARM.Collect$$libinit$$00000000) refers (Special) to libinit2.o(.ARM.Collect$$libinit$$00000002) for __rt_lib_init_fp_1
    libinit.o(.ARM.Collect$$libinit$$00000000) refers (Special) to libinit2.o(.ARM.Collect$$libinit$$0000001F) for __rt_lib_init_fp_trap_1
    libinit.o(.ARM.Collect$$libinit$$00000000) refers (Special) to libinit2.o(.ARM.Collect$$libinit$$00000023) for __rt_lib_init_getenv_1
    libinit.o(.ARM.Collect$$libinit$$00000000) refers (Special) to libinit2.o(.ARM.Collect$$libinit$$0000000A) for __rt_lib_init_heap_1
    libinit.o(.ARM.Collect$$libinit$$00000000) refers (Special) to libinit2.o(.ARM.Collect$$libinit$$00000011) for __rt_lib_init_lc_collate_1
    libinit.o(.ARM.Collect$$libinit$$00000000) refers (Special) to libinit2.o(.ARM.Collect$$libinit$$00000013) for __rt_lib_init_lc_ctype_1
    libinit.o(.ARM.Collect$$libinit$$00000000) refers (Special) to libinit2.o(.ARM.Collect$$libinit$$00000015) for __rt_lib_init_lc_monetary_1
    libinit.o(.ARM.Collect$$libinit$$00000000) refers (Special) to libinit2.o(.ARM.Collect$$libinit$$00000017) for __rt_lib_init_lc_numeric_1
    libinit.o(.ARM.Collect$$libinit$$00000000) refers (Special) to libinit2.o(.ARM.Collect$$libinit$$00000019) for __rt_lib_init_lc_time_1
    libinit.o(.ARM.Collect$$libinit$$00000000) refers (Special) to libinit2.o(.ARM.Collect$$libinit$$00000004) for __rt_lib_init_preinit_1
    libinit.o(.ARM.Collect$$libinit$$00000000) refers (Special) to libinit2.o(.ARM.Collect$$libinit$$0000000E) for __rt_lib_init_rand_1
    libinit.o(.ARM.Collect$$libinit$$00000000) refers (Special) to libinit2.o(.ARM.Collect$$libinit$$00000033) for __rt_lib_init_return
    libinit.o(.ARM.Collect$$libinit$$00000000) refers (Special) to libinit2.o(.ARM.Collect$$libinit$$0000001D) for __rt_lib_init_signal_1
    libinit.o(.ARM.Collect$$libinit$$00000000) refers (Special) to libinit2.o(.ARM.Collect$$libinit$$00000025) for __rt_lib_init_stdio_1
    libinit.o(.ARM.Collect$$libinit$$00000000) refers (Special) to libinit2.o(.ARM.Collect$$libinit$$0000000C) for __rt_lib_init_user_alloc_1
    sys_command.o(.text) refers (Special) to use_no_semi.o(.text) for __I$use$semihosting
    sys_command.o(.text) refers (Special) to indicate_semi.o(.text) for __semihosting_library_function
    libspace.o(.text) refers to libspace.o(.bss) for __libspace_start
    rtexit.o(.ARM.Collect$$rtexit$$00000000) refers (Special) to rtexit2.o(.ARM.Collect$$rtexit$$00000004) for __rt_exit_exit
    rtexit.o(.ARM.Collect$$rtexit$$00000000) refers (Special) to rtexit2.o(.ARM.Collect$$rtexit$$00000003) for __rt_exit_ls
    rtexit.o(.ARM.Collect$$rtexit$$00000000) refers (Special) to rtexit2.o(.ARM.Collect$$rtexit$$00000002) for __rt_exit_prels_1
    rtexit.o(.ARM.exidx) refers (Special) to rtexit2.o(.ARM.Collect$$rtexit$$00000004) for __rt_exit_exit
    rtexit.o(.ARM.exidx) refers (Special) to rtexit2.o(.ARM.Collect$$rtexit$$00000003) for __rt_exit_ls
    rtexit.o(.ARM.exidx) refers (Special) to rtexit2.o(.ARM.Collect$$rtexit$$00000002) for __rt_exit_prels_1
    rtexit.o(.ARM.exidx) refers to rtexit.o(.ARM.Collect$$rtexit$$00000000) for .ARM.Collect$$rtexit$$00000000
    rt_raise.o(.text) refers to __raise.o(.text) for __raise
    rt_raise.o(.text) refers to sys_exit.o(.text) for _sys_exit
    defsig_exit.o(.text) refers to sys_exit.o(.text) for _sys_exit
    defsig_fpe_inner.o(.text) refers to defsig_general.o(.text) for __default_signal_display
    defsig_rtmem_outer.o(.text) refers to defsig_rtmem_inner.o(.text) for __rt_SIGRTMEM_inner
    defsig_rtmem_outer.o(.text) refers to defsig_exit.o(.text) for __sig_exit
    defsig_rtmem_formal.o(.text) refers to rt_raise.o(.text) for __rt_raise
    sys_exit.o(.text) refers (Special) to use_no_semi.o(.text) for __I$use$semihosting
    sys_exit.o(.text) refers (Special) to indicate_semi.o(.text) for __semihosting_library_function
    rtexit2.o(.ARM.Collect$$rtexit$$00000003) refers to libshutdown.o(.ARM.Collect$$libshutdown$$00000000) for __rt_lib_shutdown
    rtexit2.o(.ARM.Collect$$rtexit$$00000004) refers to sys_exit.o(.text) for _sys_exit
    rtexit2.o(.ARM.exidx) refers to rtexit2.o(.ARM.Collect$$rtexit$$00000001) for .ARM.Collect$$rtexit$$00000001
    rtexit2.o(.ARM.exidx) refers to rtexit2.o(.ARM.Collect$$rtexit$$00000003) for .ARM.Collect$$rtexit$$00000003
    rtexit2.o(.ARM.exidx) refers to rtexit2.o(.ARM.Collect$$rtexit$$00000004) for .ARM.Collect$$rtexit$$00000004
    __raise.o(.text) refers to defsig.o(CL$$defsig) for __default_signal_handler
    defsig_general.o(.text) refers to sys_wrch.o(.text) for _ttywrch
    defsig_rtmem_inner.o(.text) refers to defsig_general.o(.text) for __default_signal_display
    sys_wrch.o(.text) refers (Special) to use_no_semi.o(.text) for __I$use$semihosting
    sys_wrch.o(.text) refers (Special) to indicate_semi.o(.text) for __semihosting_library_function
    defsig.o(CL$$defsig) refers to defsig_fpe_inner.o(.text) for __rt_SIGFPE_inner
    defsig.o(CL$$defsig) refers to defsig_rtmem_inner.o(.text) for __rt_SIGRTMEM_inner
    libshutdown.o(.ARM.Collect$$libshutdown$$00000000) refers (Special) to libshutdown2.o(.ARM.Collect$$libshutdown$$00000002) for __rt_lib_shutdown_cpp_1
    libshutdown.o(.ARM.Collect$$libshutdown$$00000000) refers (Special) to libshutdown2.o(.ARM.Collect$$libshutdown$$00000007) for __rt_lib_shutdown_fp_trap_1
    libshutdown.o(.ARM.Collect$$libshutdown$$00000000) refers (Special) to libshutdown2.o(.ARM.Collect$$libshutdown$$0000000F) for __rt_lib_shutdown_heap_1
    libshutdown.o(.ARM.Collect$$libshutdown$$00000000) refers (Special) to libshutdown2.o(.ARM.Collect$$libshutdown$$00000010) for __rt_lib_shutdown_return
    libshutdown.o(.ARM.Collect$$libshutdown$$00000000) refers (Special) to libshutdown2.o(.ARM.Collect$$libshutdown$$0000000A) for __rt_lib_shutdown_signal_1
    libshutdown.o(.ARM.Collect$$libshutdown$$00000000) refers (Special) to libshutdown2.o(.ARM.Collect$$libshutdown$$00000004) for __rt_lib_shutdown_stdio_1
    libshutdown.o(.ARM.Collect$$libshutdown$$00000000) refers (Special) to libshutdown2.o(.ARM.Collect$$libshutdown$$0000000C) for __rt_lib_shutdown_user_alloc_1
    defsig_abrt_inner.o(.text) refers to defsig_general.o(.text) for __default_signal_display
    defsig_rtred_inner.o(.text) refers to defsig_general.o(.text) for __default_signal_display
    defsig_stak_inner.o(.text) refers to defsig_general.o(.text) for __default_signal_display
    defsig_pvfn_inner.o(.text) refers to defsig_general.o(.text) for __default_signal_display
    defsig_cppl_inner.o(.text) refers to defsig_general.o(.text) for __default_signal_display
    defsig_segv_inner.o(.text) refers to defsig_general.o(.text) for __default_signal_display
    defsig_other.o(.text) refers to defsig_general.o(.text) for __default_signal_display
    stm32f0xx_hal_dma.o(.ARM.exidx) refers to stm32f0xx_hal_dma.o(i.__ARM_common_switch8) for i.__ARM_common_switch8


==============================================================================

Removing Unused input sections from the image.

    Removing gpio.o(.rev16_text), (4 bytes).
    Removing gpio.o(.revsh_text), (4 bytes).
    Removing gpio.o(.ARM.exidx), (8 bytes).
    Removing stm32f0xx_it.o(.rev16_text), (4 bytes).
    Removing stm32f0xx_it.o(.revsh_text), (4 bytes).
    Removing stm32f0xx_it.o(.ARM.exidx), (8 bytes).
    Removing stm32f0xx_it.o(.ARM.exidx), (8 bytes).
    Removing stm32f0xx_it.o(.ARM.exidx), (8 bytes).
    Removing stm32f0xx_it.o(.ARM.exidx), (8 bytes).
    Removing stm32f0xx_it.o(.ARM.exidx), (8 bytes).
    Removing stm32f0xx_it.o(.ARM.exidx), (8 bytes).
    Removing stm32f0xx_hal_msp.o(.rev16_text), (4 bytes).
    Removing stm32f0xx_hal_msp.o(.revsh_text), (4 bytes).
    Removing stm32f0xx_hal_msp.o(.ARM.exidx), (8 bytes).
    Removing main.o(.rev16_text), (4 bytes).
    Removing main.o(.revsh_text), (4 bytes).
    Removing main.o(i._Z15SysTick_Handlerv), (8 bytes).
    Removing main.o(.ARM.exidx), (8 bytes).
    Removing main.o(.ARM.exidx), (8 bytes).
    Removing main.o(.ARM.exidx), (8 bytes).
    Removing main.o(.ARM.exidx), (8 bytes).
    Removing api_led.o(.rev16_text), (4 bytes).
    Removing api_led.o(.revsh_text), (4 bytes).
    Removing api_led.o(i._ZN4CLed2onEv), (16 bytes).
    Removing api_led.o(.ARM.exidx), (8 bytes).
    Removing api_led.o(.ARM.exidx), (8 bytes).
    Removing api_led.o(.ARM.exidx), (8 bytes).
    Removing api_led.o(.ARM.exidx), (8 bytes).
    Removing api_led.o(.ARM.exidx), (8 bytes).
    Removing stm32f0xx_hal_tim.o(.rev16_text), (4 bytes).
    Removing stm32f0xx_hal_tim.o(.revsh_text), (4 bytes).
    Removing stm32f0xx_hal_tim_ex.o(.rev16_text), (4 bytes).
    Removing stm32f0xx_hal_tim_ex.o(.revsh_text), (4 bytes).
    Removing stm32f0xx_hal_rcc.o(.rev16_text), (4 bytes).
    Removing stm32f0xx_hal_rcc.o(.revsh_text), (4 bytes).
    Removing stm32f0xx_hal_rcc.o(i.HAL_RCC_CSSCallback), (2 bytes).
    Removing stm32f0xx_hal_rcc.o(i.HAL_RCC_DeInit), (88 bytes).
    Removing stm32f0xx_hal_rcc.o(i.HAL_RCC_DisableCSS), (20 bytes).
    Removing stm32f0xx_hal_rcc.o(i.HAL_RCC_EnableCSS), (20 bytes).
    Removing stm32f0xx_hal_rcc.o(i.HAL_RCC_GetClockConfig), (56 bytes).
    Removing stm32f0xx_hal_rcc.o(i.HAL_RCC_GetOscConfig), (244 bytes).
    Removing stm32f0xx_hal_rcc.o(i.HAL_RCC_GetPCLK1Freq), (36 bytes).
    Removing stm32f0xx_hal_rcc.o(i.HAL_RCC_MCOConfig), (96 bytes).
    Removing stm32f0xx_hal_rcc.o(i.HAL_RCC_NMI_IRQHandler), (32 bytes).
    Removing stm32f0xx_hal_rcc.o(.ARM.exidx), (8 bytes).
    Removing stm32f0xx_hal_rcc.o(.ARM.exidx), (8 bytes).
    Removing stm32f0xx_hal_rcc.o(.ARM.exidx), (8 bytes).
    Removing stm32f0xx_hal_rcc.o(.ARM.exidx), (8 bytes).
    Removing stm32f0xx_hal_rcc.o(.ARM.exidx), (8 bytes).
    Removing stm32f0xx_hal_rcc.o(.ARM.exidx), (8 bytes).
    Removing stm32f0xx_hal_rcc.o(.ARM.exidx), (8 bytes).
    Removing stm32f0xx_hal_rcc.o(.ARM.exidx), (8 bytes).
    Removing stm32f0xx_hal_rcc.o(.ARM.exidx), (8 bytes).
    Removing stm32f0xx_hal_rcc.o(.ARM.exidx), (8 bytes).
    Removing stm32f0xx_hal_rcc.o(.ARM.exidx), (8 bytes).
    Removing stm32f0xx_hal_rcc.o(.ARM.exidx), (8 bytes).
    Removing stm32f0xx_hal_rcc.o(.ARM.exidx), (8 bytes).
    Removing stm32f0xx_hal_rcc_ex.o(.rev16_text), (4 bytes).
    Removing stm32f0xx_hal_rcc_ex.o(.revsh_text), (4 bytes).
    Removing stm32f0xx_hal_rcc_ex.o(i.HAL_RCCEx_GetPeriphCLKConfig), (64 bytes).
    Removing stm32f0xx_hal_rcc_ex.o(i.HAL_RCCEx_GetPeriphCLKFreq), (308 bytes).
    Removing stm32f0xx_hal_rcc_ex.o(i.HAL_RCCEx_PeriphCLKConfig), (360 bytes).
    Removing stm32f0xx_hal_rcc_ex.o(.ARM.exidx), (8 bytes).
    Removing stm32f0xx_hal_rcc_ex.o(.ARM.exidx), (8 bytes).
    Removing stm32f0xx_hal_rcc_ex.o(.ARM.exidx), (8 bytes).
    Removing stm32f0xx_hal.o(.rev16_text), (4 bytes).
    Removing stm32f0xx_hal.o(.revsh_text), (4 bytes).
    Removing stm32f0xx_hal.o(i.HAL_DBGMCU_DisableDBGStandbyMode), (20 bytes).
    Removing stm32f0xx_hal.o(i.HAL_DBGMCU_DisableDBGStopMode), (20 bytes).
    Removing stm32f0xx_hal.o(i.HAL_DBGMCU_EnableDBGStandbyMode), (20 bytes).
    Removing stm32f0xx_hal.o(i.HAL_DBGMCU_EnableDBGStopMode), (20 bytes).
    Removing stm32f0xx_hal.o(i.HAL_DeInit), (44 bytes).
    Removing stm32f0xx_hal.o(i.HAL_Delay), (32 bytes).
    Removing stm32f0xx_hal.o(i.HAL_GetDEVID), (16 bytes).
    Removing stm32f0xx_hal.o(i.HAL_GetHalVersion), (8 bytes).
    Removing stm32f0xx_hal.o(i.HAL_GetREVID), (12 bytes).
    Removing stm32f0xx_hal.o(i.HAL_GetUIDw0), (12 bytes).
    Removing stm32f0xx_hal.o(i.HAL_GetUIDw1), (12 bytes).
    Removing stm32f0xx_hal.o(i.HAL_GetUIDw2), (12 bytes).
    Removing stm32f0xx_hal.o(i.HAL_MspDeInit), (2 bytes).
    Removing stm32f0xx_hal.o(i.HAL_MspInit), (2 bytes).
    Removing stm32f0xx_hal.o(i.HAL_ResumeTick), (20 bytes).
    Removing stm32f0xx_hal.o(i.HAL_SuspendTick), (20 bytes).
    Removing stm32f0xx_hal.o(.ARM.exidx), (8 bytes).
    Removing stm32f0xx_hal.o(.ARM.exidx), (8 bytes).
    Removing stm32f0xx_hal.o(.ARM.exidx), (8 bytes).
    Removing stm32f0xx_hal.o(.ARM.exidx), (8 bytes).
    Removing stm32f0xx_hal.o(.ARM.exidx), (8 bytes).
    Removing stm32f0xx_hal.o(.ARM.exidx), (8 bytes).
    Removing stm32f0xx_hal.o(.ARM.exidx), (8 bytes).
    Removing stm32f0xx_hal.o(.ARM.exidx), (8 bytes).
    Removing stm32f0xx_hal.o(.ARM.exidx), (8 bytes).
    Removing stm32f0xx_hal.o(.ARM.exidx), (8 bytes).
    Removing stm32f0xx_hal.o(.ARM.exidx), (8 bytes).
    Removing stm32f0xx_hal.o(.ARM.exidx), (8 bytes).
    Removing stm32f0xx_hal.o(.ARM.exidx), (8 bytes).
    Removing stm32f0xx_hal.o(.ARM.exidx), (8 bytes).
    Removing stm32f0xx_hal.o(.ARM.exidx), (8 bytes).
    Removing stm32f0xx_hal.o(.ARM.exidx), (8 bytes).
    Removing stm32f0xx_hal.o(.ARM.exidx), (8 bytes).
    Removing stm32f0xx_hal.o(.ARM.exidx), (8 bytes).
    Removing stm32f0xx_hal.o(.ARM.exidx), (8 bytes).
    Removing stm32f0xx_hal.o(.ARM.exidx), (8 bytes).
    Removing stm32f0xx_hal_i2c.o(.rev16_text), (4 bytes).
    Removing stm32f0xx_hal_i2c.o(.revsh_text), (4 bytes).
    Removing stm32f0xx_hal_i2c.o(i.HAL_I2C_AbortCpltCallback), (2 bytes).
    Removing stm32f0xx_hal_i2c.o(i.HAL_I2C_AddrCallback), (2 bytes).
    Removing stm32f0xx_hal_i2c.o(i.HAL_I2C_DeInit), (66 bytes).
    Removing stm32f0xx_hal_i2c.o(i.HAL_I2C_DisableListen_IT), (60 bytes).
    Removing stm32f0xx_hal_i2c.o(i.HAL_I2C_ER_IRQHandler), (128 bytes).
    Removing stm32f0xx_hal_i2c.o(i.HAL_I2C_EV_IRQHandler), (30 bytes).
    Removing stm32f0xx_hal_i2c.o(i.HAL_I2C_EnableListen_IT), (44 bytes).
    Removing stm32f0xx_hal_i2c.o(i.HAL_I2C_ErrorCallback), (2 bytes).
    Removing stm32f0xx_hal_i2c.o(i.HAL_I2C_GetError), (6 bytes).
    Removing stm32f0xx_hal_i2c.o(i.HAL_I2C_GetMode), (8 bytes).
    Removing stm32f0xx_hal_i2c.o(i.HAL_I2C_GetState), (8 bytes).
    Removing stm32f0xx_hal_i2c.o(i.HAL_I2C_Init), (212 bytes).
    Removing stm32f0xx_hal_i2c.o(i.HAL_I2C_IsDeviceReady), (398 bytes).
    Removing stm32f0xx_hal_i2c.o(i.HAL_I2C_ListenCpltCallback), (2 bytes).
    Removing stm32f0xx_hal_i2c.o(i.HAL_I2C_MasterRxCpltCallback), (2 bytes).
    Removing stm32f0xx_hal_i2c.o(i.HAL_I2C_MasterTxCpltCallback), (2 bytes).
    Removing stm32f0xx_hal_i2c.o(i.HAL_I2C_Master_Abort_IT), (102 bytes).
    Removing stm32f0xx_hal_i2c.o(i.HAL_I2C_Master_Receive), (384 bytes).
    Removing stm32f0xx_hal_i2c.o(i.HAL_I2C_Master_Receive_DMA), (300 bytes).
    Removing stm32f0xx_hal_i2c.o(i.HAL_I2C_Master_Receive_IT), (172 bytes).
    Removing stm32f0xx_hal_i2c.o(i.HAL_I2C_Master_Sequential_Receive_IT), (160 bytes).
    Removing stm32f0xx_hal_i2c.o(i.HAL_I2C_Master_Sequential_Transmit_IT), (160 bytes).
    Removing stm32f0xx_hal_i2c.o(i.HAL_I2C_Master_Transmit), (380 bytes).
    Removing stm32f0xx_hal_i2c.o(i.HAL_I2C_Master_Transmit_DMA), (300 bytes).
    Removing stm32f0xx_hal_i2c.o(i.HAL_I2C_Master_Transmit_IT), (172 bytes).
    Removing stm32f0xx_hal_i2c.o(i.HAL_I2C_MemRxCpltCallback), (2 bytes).
    Removing stm32f0xx_hal_i2c.o(i.HAL_I2C_MemTxCpltCallback), (2 bytes).
    Removing stm32f0xx_hal_i2c.o(i.HAL_I2C_Mem_Read), (452 bytes).
    Removing stm32f0xx_hal_i2c.o(i.HAL_I2C_Mem_Read_DMA), (320 bytes).
    Removing stm32f0xx_hal_i2c.o(i.HAL_I2C_Mem_Read_IT), (256 bytes).
    Removing stm32f0xx_hal_i2c.o(i.HAL_I2C_Mem_Write), (452 bytes).
    Removing stm32f0xx_hal_i2c.o(i.HAL_I2C_Mem_Write_DMA), (320 bytes).
    Removing stm32f0xx_hal_i2c.o(i.HAL_I2C_Mem_Write_IT), (252 bytes).
    Removing stm32f0xx_hal_i2c.o(i.HAL_I2C_MspDeInit), (2 bytes).
    Removing stm32f0xx_hal_i2c.o(i.HAL_I2C_MspInit), (2 bytes).
    Removing stm32f0xx_hal_i2c.o(i.HAL_I2C_SlaveRxCpltCallback), (2 bytes).
    Removing stm32f0xx_hal_i2c.o(i.HAL_I2C_SlaveTxCpltCallback), (2 bytes).
    Removing stm32f0xx_hal_i2c.o(i.HAL_I2C_Slave_Receive), (406 bytes).
    Removing stm32f0xx_hal_i2c.o(i.HAL_I2C_Slave_Receive_DMA), (192 bytes).
    Removing stm32f0xx_hal_i2c.o(i.HAL_I2C_Slave_Receive_IT), (116 bytes).
    Removing stm32f0xx_hal_i2c.o(i.HAL_I2C_Slave_Sequential_Receive_IT), (172 bytes).
    Removing stm32f0xx_hal_i2c.o(i.HAL_I2C_Slave_Sequential_Transmit_IT), (176 bytes).
    Removing stm32f0xx_hal_i2c.o(i.HAL_I2C_Slave_Transmit), (422 bytes).
    Removing stm32f0xx_hal_i2c.o(i.HAL_I2C_Slave_Transmit_DMA), (192 bytes).
    Removing stm32f0xx_hal_i2c.o(i.HAL_I2C_Slave_Transmit_IT), (116 bytes).
    Removing stm32f0xx_hal_i2c.o(i._Z11I2C_ITErrorP19__I2C_HandleTypeDefj), (280 bytes).
    Removing stm32f0xx_hal_i2c.o(i._Z12I2C_DMAAbortP19__DMA_HandleTypeDef), (60 bytes).
    Removing stm32f0xx_hal_i2c.o(i._Z12I2C_DMAErrorP19__DMA_HandleTypeDef), (30 bytes).
    Removing stm32f0xx_hal_i2c.o(i._Z14I2C_Enable_IRQP19__I2C_HandleTypeDeft), (144 bytes).
    Removing stm32f0xx_hal_i2c.o(i._Z14I2C_Flush_TXDRP19__I2C_HandleTypeDef), (50 bytes).
    Removing stm32f0xx_hal_i2c.o(i._Z14I2C_ITAddrCpltP19__I2C_HandleTypeDefj), (214 bytes).
    Removing stm32f0xx_hal_i2c.o(i._Z15I2C_Disable_IRQP19__I2C_HandleTypeDeft), (126 bytes).
    Removing stm32f0xx_hal_i2c.o(i._Z15I2C_ITSlaveCpltP19__I2C_HandleTypeDefj), (316 bytes).
    Removing stm32f0xx_hal_i2c.o(i._Z16I2C_ITListenCpltP19__I2C_HandleTypeDefj), (116 bytes).
    Removing stm32f0xx_hal_i2c.o(i._Z16I2C_ITMasterCpltP19__I2C_HandleTypeDefj), (236 bytes).
    Removing stm32f0xx_hal_i2c.o(i._Z16I2C_Slave_ISR_ITP19__I2C_HandleTypeDefjj), (352 bytes).
    Removing stm32f0xx_hal_i2c.o(i._Z17I2C_Master_ISR_ITP19__I2C_HandleTypeDefjj), (428 bytes).
    Removing stm32f0xx_hal_i2c.o(i._Z17I2C_Slave_ISR_DMAP19__I2C_HandleTypeDefjj), (158 bytes).
    Removing stm32f0xx_hal_i2c.o(i._Z18I2C_Master_ISR_DMAP19__I2C_HandleTypeDefjj), (266 bytes).
    Removing stm32f0xx_hal_i2c.o(i._Z18I2C_TransferConfigP19__I2C_HandleTypeDefthjj), (48 bytes).
    Removing stm32f0xx_hal_i2c.o(i._Z21I2C_RequestMemoryReadP19__I2C_HandleTypeDeftttjj), (146 bytes).
    Removing stm32f0xx_hal_i2c.o(i._Z22I2C_RequestMemoryWriteP19__I2C_HandleTypeDeftttjj), (146 bytes).
    Removing stm32f0xx_hal_i2c.o(i._Z23I2C_DMASlaveReceiveCpltP19__DMA_HandleTypeDef), (2 bytes).
    Removing stm32f0xx_hal_i2c.o(i._Z23I2C_IsAcknowledgeFailedP19__I2C_HandleTypeDefjj), (148 bytes).
    Removing stm32f0xx_hal_i2c.o(i._Z24I2C_DMAMasterReceiveCpltP19__DMA_HandleTypeDef), (86 bytes).
    Removing stm32f0xx_hal_i2c.o(i._Z24I2C_DMASlaveTransmitCpltP19__DMA_HandleTypeDef), (2 bytes).
    Removing stm32f0xx_hal_i2c.o(i._Z25I2C_DMAMasterTransmitCpltP19__DMA_HandleTypeDef), (86 bytes).
    Removing stm32f0xx_hal_i2c.o(i._Z25I2C_ITSlaveSequentialCpltP19__I2C_HandleTypeDef), (98 bytes).
    Removing stm32f0xx_hal_i2c.o(i._Z26I2C_ITMasterSequentialCpltP19__I2C_HandleTypeDef), (98 bytes).
    Removing stm32f0xx_hal_i2c.o(i._Z26I2C_WaitOnFlagUntilTimeoutP19__I2C_HandleTypeDefj10FlagStatusjj), (82 bytes).
    Removing stm32f0xx_hal_i2c.o(i._Z30I2C_WaitOnRXNEFlagUntilTimeoutP19__I2C_HandleTypeDefjj), (152 bytes).
    Removing stm32f0xx_hal_i2c.o(i._Z30I2C_WaitOnSTOPFlagUntilTimeoutP19__I2C_HandleTypeDefjj), (90 bytes).
    Removing stm32f0xx_hal_i2c.o(i._Z30I2C_WaitOnTXISFlagUntilTimeoutP19__I2C_HandleTypeDefjj), (96 bytes).
    Removing stm32f0xx_hal_i2c.o(.ARM.exidx), (8 bytes).
    Removing stm32f0xx_hal_i2c.o(.ARM.exidx), (8 bytes).
    Removing stm32f0xx_hal_i2c.o(.ARM.exidx), (8 bytes).
    Removing stm32f0xx_hal_i2c.o(.ARM.exidx), (8 bytes).
    Removing stm32f0xx_hal_i2c.o(.ARM.exidx), (8 bytes).
    Removing stm32f0xx_hal_i2c.o(.ARM.exidx), (8 bytes).
    Removing stm32f0xx_hal_i2c.o(.ARM.exidx), (8 bytes).
    Removing stm32f0xx_hal_i2c.o(.ARM.exidx), (8 bytes).
    Removing stm32f0xx_hal_i2c.o(.ARM.exidx), (8 bytes).
    Removing stm32f0xx_hal_i2c.o(.ARM.exidx), (8 bytes).
    Removing stm32f0xx_hal_i2c.o(.ARM.exidx), (8 bytes).
    Removing stm32f0xx_hal_i2c.o(.ARM.exidx), (8 bytes).
    Removing stm32f0xx_hal_i2c.o(.ARM.exidx), (8 bytes).
    Removing stm32f0xx_hal_i2c.o(.ARM.exidx), (8 bytes).
    Removing stm32f0xx_hal_i2c.o(.ARM.exidx), (8 bytes).
    Removing stm32f0xx_hal_i2c.o(.ARM.exidx), (8 bytes).
    Removing stm32f0xx_hal_i2c.o(.ARM.exidx), (8 bytes).
    Removing stm32f0xx_hal_i2c.o(.ARM.exidx), (8 bytes).
    Removing stm32f0xx_hal_i2c.o(.ARM.exidx), (8 bytes).
    Removing stm32f0xx_hal_i2c.o(.ARM.exidx), (8 bytes).
    Removing stm32f0xx_hal_i2c.o(.ARM.exidx), (8 bytes).
    Removing stm32f0xx_hal_i2c.o(.ARM.exidx), (8 bytes).
    Removing stm32f0xx_hal_i2c.o(.ARM.exidx), (8 bytes).
    Removing stm32f0xx_hal_i2c.o(.ARM.exidx), (8 bytes).
    Removing stm32f0xx_hal_i2c.o(.ARM.exidx), (8 bytes).
    Removing stm32f0xx_hal_i2c.o(.ARM.exidx), (8 bytes).
    Removing stm32f0xx_hal_i2c.o(.ARM.exidx), (8 bytes).
    Removing stm32f0xx_hal_i2c.o(.ARM.exidx), (8 bytes).
    Removing stm32f0xx_hal_i2c.o(.ARM.exidx), (8 bytes).
    Removing stm32f0xx_hal_i2c.o(.ARM.exidx), (8 bytes).
    Removing stm32f0xx_hal_i2c.o(.ARM.exidx), (8 bytes).
    Removing stm32f0xx_hal_i2c.o(.ARM.exidx), (8 bytes).
    Removing stm32f0xx_hal_i2c.o(.ARM.exidx), (8 bytes).
    Removing stm32f0xx_hal_i2c.o(.ARM.exidx), (8 bytes).
    Removing stm32f0xx_hal_i2c.o(.ARM.exidx), (8 bytes).
    Removing stm32f0xx_hal_i2c.o(.ARM.exidx), (8 bytes).
    Removing stm32f0xx_hal_i2c.o(.ARM.exidx), (8 bytes).
    Removing stm32f0xx_hal_i2c.o(.ARM.exidx), (8 bytes).
    Removing stm32f0xx_hal_i2c.o(.ARM.exidx), (8 bytes).
    Removing stm32f0xx_hal_i2c.o(.ARM.exidx), (8 bytes).
    Removing stm32f0xx_hal_i2c.o(.ARM.exidx), (8 bytes).
    Removing stm32f0xx_hal_i2c.o(.ARM.exidx), (8 bytes).
    Removing stm32f0xx_hal_i2c.o(.ARM.exidx), (8 bytes).
    Removing stm32f0xx_hal_i2c.o(.ARM.exidx), (8 bytes).
    Removing stm32f0xx_hal_i2c.o(.ARM.exidx), (8 bytes).
    Removing stm32f0xx_hal_i2c.o(.ARM.exidx), (8 bytes).
    Removing stm32f0xx_hal_i2c.o(.ARM.exidx), (8 bytes).
    Removing stm32f0xx_hal_i2c.o(.ARM.exidx), (8 bytes).
    Removing stm32f0xx_hal_i2c.o(.ARM.exidx), (8 bytes).
    Removing stm32f0xx_hal_i2c.o(.ARM.exidx), (8 bytes).
    Removing stm32f0xx_hal_i2c.o(.ARM.exidx), (8 bytes).
    Removing stm32f0xx_hal_i2c.o(.ARM.exidx), (8 bytes).
    Removing stm32f0xx_hal_i2c.o(.ARM.exidx), (8 bytes).
    Removing stm32f0xx_hal_i2c.o(.ARM.exidx), (8 bytes).
    Removing stm32f0xx_hal_i2c.o(.ARM.exidx), (8 bytes).
    Removing stm32f0xx_hal_i2c.o(.ARM.exidx), (8 bytes).
    Removing stm32f0xx_hal_i2c.o(.ARM.exidx), (8 bytes).
    Removing stm32f0xx_hal_i2c.o(.ARM.exidx), (8 bytes).
    Removing stm32f0xx_hal_i2c.o(.ARM.exidx), (8 bytes).
    Removing stm32f0xx_hal_i2c.o(.ARM.exidx), (8 bytes).
    Removing stm32f0xx_hal_i2c.o(.ARM.exidx), (8 bytes).
    Removing stm32f0xx_hal_i2c.o(.ARM.exidx), (8 bytes).
    Removing stm32f0xx_hal_i2c.o(.ARM.exidx), (8 bytes).
    Removing stm32f0xx_hal_i2c.o(.ARM.exidx), (8 bytes).
    Removing stm32f0xx_hal_i2c.o(.ARM.exidx), (8 bytes).
    Removing stm32f0xx_hal_i2c.o(.ARM.exidx), (8 bytes).
    Removing stm32f0xx_hal_i2c.o(.ARM.exidx), (8 bytes).
    Removing stm32f0xx_hal_i2c.o(.ARM.exidx), (8 bytes).
    Removing stm32f0xx_hal_i2c.o(.ARM.exidx), (8 bytes).
    Removing stm32f0xx_hal_i2c.o(.ARM.exidx), (8 bytes).
    Removing stm32f0xx_hal_i2c.o(.ARM.exidx), (8 bytes).
    Removing stm32f0xx_hal_i2c.o(.ARM.exidx), (8 bytes).
    Removing stm32f0xx_hal_i2c.o(.ARM.exidx), (8 bytes).
    Removing stm32f0xx_hal_i2c_ex.o(.rev16_text), (4 bytes).
    Removing stm32f0xx_hal_i2c_ex.o(.revsh_text), (4 bytes).
    Removing stm32f0xx_hal_i2c_ex.o(i.HAL_I2CEx_ConfigAnalogFilter), (110 bytes).
    Removing stm32f0xx_hal_i2c_ex.o(i.HAL_I2CEx_ConfigDigitalFilter), (114 bytes).
    Removing stm32f0xx_hal_i2c_ex.o(i.HAL_I2CEx_DisableFastModePlus), (48 bytes).
    Removing stm32f0xx_hal_i2c_ex.o(i.HAL_I2CEx_DisableWakeUp), (100 bytes).
    Removing stm32f0xx_hal_i2c_ex.o(i.HAL_I2CEx_EnableFastModePlus), (48 bytes).
    Removing stm32f0xx_hal_i2c_ex.o(i.HAL_I2CEx_EnableWakeUp), (100 bytes).
    Removing stm32f0xx_hal_i2c_ex.o(.ARM.exidx), (8 bytes).
    Removing stm32f0xx_hal_i2c_ex.o(.ARM.exidx), (8 bytes).
    Removing stm32f0xx_hal_i2c_ex.o(.ARM.exidx), (8 bytes).
    Removing stm32f0xx_hal_i2c_ex.o(.ARM.exidx), (8 bytes).
    Removing stm32f0xx_hal_i2c_ex.o(.ARM.exidx), (8 bytes).
    Removing stm32f0xx_hal_i2c_ex.o(.ARM.exidx), (8 bytes).
    Removing stm32f0xx_hal_gpio.o(.rev16_text), (4 bytes).
    Removing stm32f0xx_hal_gpio.o(.revsh_text), (4 bytes).
    Removing stm32f0xx_hal_gpio.o(i.HAL_GPIO_DeInit), (268 bytes).
    Removing stm32f0xx_hal_gpio.o(i.HAL_GPIO_EXTI_Callback), (2 bytes).
    Removing stm32f0xx_hal_gpio.o(i.HAL_GPIO_EXTI_IRQHandler), (32 bytes).
    Removing stm32f0xx_hal_gpio.o(i.HAL_GPIO_LockPin), (50 bytes).
    Removing stm32f0xx_hal_gpio.o(i.HAL_GPIO_ReadPin), (18 bytes).
    Removing stm32f0xx_hal_gpio.o(.ARM.exidx), (8 bytes).
    Removing stm32f0xx_hal_gpio.o(.ARM.exidx), (8 bytes).
    Removing stm32f0xx_hal_gpio.o(.ARM.exidx), (8 bytes).
    Removing stm32f0xx_hal_gpio.o(.ARM.exidx), (8 bytes).
    Removing stm32f0xx_hal_gpio.o(.ARM.exidx), (8 bytes).
    Removing stm32f0xx_hal_gpio.o(.ARM.exidx), (8 bytes).
    Removing stm32f0xx_hal_gpio.o(.ARM.exidx), (8 bytes).
    Removing stm32f0xx_hal_gpio.o(.ARM.exidx), (8 bytes).
    Removing stm32f0xx_hal_dma.o(.rev16_text), (4 bytes).
    Removing stm32f0xx_hal_dma.o(.revsh_text), (4 bytes).
    Removing stm32f0xx_hal_dma.o(i.HAL_DMA_Abort), (56 bytes).
    Removing stm32f0xx_hal_dma.o(i.HAL_DMA_Abort_IT), (88 bytes).
    Removing stm32f0xx_hal_dma.o(i.HAL_DMA_DeInit), (80 bytes).
    Removing stm32f0xx_hal_dma.o(i.HAL_DMA_GetError), (6 bytes).
    Removing stm32f0xx_hal_dma.o(i.HAL_DMA_GetState), (8 bytes).
    Removing stm32f0xx_hal_dma.o(i.HAL_DMA_IRQHandler), (240 bytes).
    Removing stm32f0xx_hal_dma.o(i.HAL_DMA_Init), (100 bytes).
    Removing stm32f0xx_hal_dma.o(i.HAL_DMA_PollForTransfer), (236 bytes).
    Removing stm32f0xx_hal_dma.o(i.HAL_DMA_Start), (110 bytes).
    Removing stm32f0xx_hal_dma.o(i.HAL_DMA_Start_IT), (154 bytes).
    Removing stm32f0xx_hal_dma.o(i.HAL_DMA_UnRegisterCallback), (108 bytes).
    Removing stm32f0xx_hal_dma.o(i._Z13DMA_SetConfigP19__DMA_HandleTypeDefjjj), (42 bytes).
    Removing stm32f0xx_hal_dma.o(i._Z23DMA_CalcBaseAndBitshiftP19__DMA_HandleTypeDef), (32 bytes).
    Removing stm32f0xx_hal_dma.o(i._Z24HAL_DMA_RegisterCallbackP19__DMA_HandleTypeDef25HAL_DMA_CallbackIDTypeDefPFvS0_E), (92 bytes).
    Removing stm32f0xx_hal_dma.o(.ARM.exidx), (8 bytes).
    Removing stm32f0xx_hal_dma.o(.ARM.exidx), (8 bytes).
    Removing stm32f0xx_hal_dma.o(.ARM.exidx), (8 bytes).
    Removing stm32f0xx_hal_dma.o(.ARM.exidx), (8 bytes).
    Removing stm32f0xx_hal_dma.o(.ARM.exidx), (8 bytes).
    Removing stm32f0xx_hal_dma.o(.ARM.exidx), (8 bytes).
    Removing stm32f0xx_hal_dma.o(.ARM.exidx), (8 bytes).
    Removing stm32f0xx_hal_dma.o(.ARM.exidx), (8 bytes).
    Removing stm32f0xx_hal_dma.o(.ARM.exidx), (8 bytes).
    Removing stm32f0xx_hal_dma.o(.ARM.exidx), (8 bytes).
    Removing stm32f0xx_hal_dma.o(.ARM.exidx), (8 bytes).
    Removing stm32f0xx_hal_dma.o(.ARM.exidx), (8 bytes).
    Removing stm32f0xx_hal_dma.o(.ARM.exidx), (8 bytes).
    Removing stm32f0xx_hal_dma.o(.ARM.exidx), (8 bytes).
    Removing stm32f0xx_hal_cortex.o(.rev16_text), (4 bytes).
    Removing stm32f0xx_hal_cortex.o(.revsh_text), (4 bytes).
    Removing stm32f0xx_hal_cortex.o(i.HAL_NVIC_ClearPendingIRQ), (24 bytes).
    Removing stm32f0xx_hal_cortex.o(i.HAL_NVIC_DisableIRQ), (24 bytes).
    Removing stm32f0xx_hal_cortex.o(i.HAL_NVIC_EnableIRQ), (24 bytes).
    Removing stm32f0xx_hal_cortex.o(i.HAL_NVIC_GetPendingIRQ), (40 bytes).
    Removing stm32f0xx_hal_cortex.o(i.HAL_NVIC_GetPriority), (72 bytes).
    Removing stm32f0xx_hal_cortex.o(i.HAL_NVIC_SetPendingIRQ), (24 bytes).
    Removing stm32f0xx_hal_cortex.o(i.HAL_NVIC_SystemReset), (56 bytes).
    Removing stm32f0xx_hal_cortex.o(i.HAL_SYSTICK_Callback), (2 bytes).
    Removing stm32f0xx_hal_cortex.o(i.HAL_SYSTICK_IRQHandler), (8 bytes).
    Removing stm32f0xx_hal_cortex.o(.ARM.exidx), (8 bytes).
    Removing stm32f0xx_hal_cortex.o(.ARM.exidx), (8 bytes).
    Removing stm32f0xx_hal_cortex.o(.ARM.exidx), (8 bytes).
    Removing stm32f0xx_hal_cortex.o(.ARM.exidx), (8 bytes).
    Removing stm32f0xx_hal_cortex.o(.ARM.exidx), (8 bytes).
    Removing stm32f0xx_hal_cortex.o(.ARM.exidx), (8 bytes).
    Removing stm32f0xx_hal_cortex.o(.ARM.exidx), (8 bytes).
    Removing stm32f0xx_hal_cortex.o(.ARM.exidx), (8 bytes).
    Removing stm32f0xx_hal_cortex.o(.ARM.exidx), (8 bytes).
    Removing stm32f0xx_hal_cortex.o(.ARM.exidx), (8 bytes).
    Removing stm32f0xx_hal_cortex.o(.ARM.exidx), (8 bytes).
    Removing stm32f0xx_hal_cortex.o(.ARM.exidx), (8 bytes).
    Removing stm32f0xx_hal_cortex.o(.ARM.exidx), (8 bytes).
    Removing stm32f0xx_hal_pwr.o(.rev16_text), (4 bytes).
    Removing stm32f0xx_hal_pwr.o(.revsh_text), (4 bytes).
    Removing stm32f0xx_hal_pwr.o(i.HAL_PWR_DeInit), (32 bytes).
    Removing stm32f0xx_hal_pwr.o(i.HAL_PWR_DisableBkUpAccess), (20 bytes).
    Removing stm32f0xx_hal_pwr.o(i.HAL_PWR_DisableSEVOnPend), (20 bytes).
    Removing stm32f0xx_hal_pwr.o(i.HAL_PWR_DisableSleepOnExit), (20 bytes).
    Removing stm32f0xx_hal_pwr.o(i.HAL_PWR_DisableWakeUpPin), (16 bytes).
    Removing stm32f0xx_hal_pwr.o(i.HAL_PWR_EnableBkUpAccess), (20 bytes).
    Removing stm32f0xx_hal_pwr.o(i.HAL_PWR_EnableSEVOnPend), (20 bytes).
    Removing stm32f0xx_hal_pwr.o(i.HAL_PWR_EnableSleepOnExit), (20 bytes).
    Removing stm32f0xx_hal_pwr.o(i.HAL_PWR_EnableWakeUpPin), (16 bytes).
    Removing stm32f0xx_hal_pwr.o(i.HAL_PWR_EnterSLEEPMode), (32 bytes).
    Removing stm32f0xx_hal_pwr.o(i.HAL_PWR_EnterSTANDBYMode), (40 bytes).
    Removing stm32f0xx_hal_pwr.o(i.HAL_PWR_EnterSTOPMode), (72 bytes).
    Removing stm32f0xx_hal_pwr.o(.ARM.exidx), (8 bytes).
    Removing stm32f0xx_hal_pwr.o(.ARM.exidx), (8 bytes).
    Removing stm32f0xx_hal_pwr.o(.ARM.exidx), (8 bytes).
    Removing stm32f0xx_hal_pwr.o(.ARM.exidx), (8 bytes).
    Removing stm32f0xx_hal_pwr.o(.ARM.exidx), (8 bytes).
    Removing stm32f0xx_hal_pwr.o(.ARM.exidx), (8 bytes).
    Removing stm32f0xx_hal_pwr.o(.ARM.exidx), (8 bytes).
    Removing stm32f0xx_hal_pwr.o(.ARM.exidx), (8 bytes).
    Removing stm32f0xx_hal_pwr.o(.ARM.exidx), (8 bytes).
    Removing stm32f0xx_hal_pwr.o(.ARM.exidx), (8 bytes).
    Removing stm32f0xx_hal_pwr.o(.ARM.exidx), (8 bytes).
    Removing stm32f0xx_hal_pwr.o(.ARM.exidx), (8 bytes).
    Removing stm32f0xx_hal_pwr_ex.o(.rev16_text), (4 bytes).
    Removing stm32f0xx_hal_pwr_ex.o(.revsh_text), (4 bytes).
    Removing stm32f0xx_hal_pwr_ex.o(i.HAL_PWR_ConfigPVD), (176 bytes).
    Removing stm32f0xx_hal_pwr_ex.o(i.HAL_PWR_DisablePVD), (20 bytes).
    Removing stm32f0xx_hal_pwr_ex.o(i.HAL_PWR_EnablePVD), (20 bytes).
    Removing stm32f0xx_hal_pwr_ex.o(i.HAL_PWR_PVDCallback), (2 bytes).
    Removing stm32f0xx_hal_pwr_ex.o(i.HAL_PWR_PVD_IRQHandler), (36 bytes).
    Removing stm32f0xx_hal_pwr_ex.o(.ARM.exidx), (8 bytes).
    Removing stm32f0xx_hal_pwr_ex.o(.ARM.exidx), (8 bytes).
    Removing stm32f0xx_hal_pwr_ex.o(.ARM.exidx), (8 bytes).
    Removing stm32f0xx_hal_pwr_ex.o(.ARM.exidx), (8 bytes).
    Removing stm32f0xx_hal_pwr_ex.o(.ARM.exidx), (8 bytes).
    Removing stm32f0xx_hal_flash.o(.rev16_text), (4 bytes).
    Removing stm32f0xx_hal_flash.o(.revsh_text), (4 bytes).
    Removing stm32f0xx_hal_flash.o(i.FLASH_WaitForLastOperation), (104 bytes).
    Removing stm32f0xx_hal_flash.o(i.HAL_FLASH_EndOfOperationCallback), (2 bytes).
    Removing stm32f0xx_hal_flash.o(i.HAL_FLASH_GetError), (12 bytes).
    Removing stm32f0xx_hal_flash.o(i.HAL_FLASH_IRQHandler), (396 bytes).
    Removing stm32f0xx_hal_flash.o(i.HAL_FLASH_Lock), (20 bytes).
    Removing stm32f0xx_hal_flash.o(i.HAL_FLASH_OB_Launch), (32 bytes).
    Removing stm32f0xx_hal_flash.o(i.HAL_FLASH_OB_Lock), (24 bytes).
    Removing stm32f0xx_hal_flash.o(i.HAL_FLASH_OB_Unlock), (48 bytes).
    Removing stm32f0xx_hal_flash.o(i.HAL_FLASH_OperationErrorCallback), (2 bytes).
    Removing stm32f0xx_hal_flash.o(i.HAL_FLASH_Program), (188 bytes).
    Removing stm32f0xx_hal_flash.o(i.HAL_FLASH_Program_IT), (120 bytes).
    Removing stm32f0xx_hal_flash.o(i.HAL_FLASH_Unlock), (52 bytes).
    Removing stm32f0xx_hal_flash.o(i._Z18FLASH_SetErrorCodev), (72 bytes).
    Removing stm32f0xx_hal_flash.o(i._Z22FLASH_Program_HalfWordjt), (32 bytes).
    Removing stm32f0xx_hal_flash.o(.ARM.exidx), (8 bytes).
    Removing stm32f0xx_hal_flash.o(.ARM.exidx), (8 bytes).
    Removing stm32f0xx_hal_flash.o(.ARM.exidx), (8 bytes).
    Removing stm32f0xx_hal_flash.o(.ARM.exidx), (8 bytes).
    Removing stm32f0xx_hal_flash.o(.ARM.exidx), (8 bytes).
    Removing stm32f0xx_hal_flash.o(.ARM.exidx), (8 bytes).
    Removing stm32f0xx_hal_flash.o(.ARM.exidx), (8 bytes).
    Removing stm32f0xx_hal_flash.o(.ARM.exidx), (8 bytes).
    Removing stm32f0xx_hal_flash.o(.ARM.exidx), (8 bytes).
    Removing stm32f0xx_hal_flash.o(.ARM.exidx), (8 bytes).
    Removing stm32f0xx_hal_flash.o(.ARM.exidx), (8 bytes).
    Removing stm32f0xx_hal_flash.o(.ARM.exidx), (8 bytes).
    Removing stm32f0xx_hal_flash.o(.ARM.exidx), (8 bytes).
    Removing stm32f0xx_hal_flash.o(.ARM.exidx), (8 bytes).
    Removing stm32f0xx_hal_flash.o(.bss), (32 bytes).
    Removing stm32f0xx_hal_flash_ex.o(.rev16_text), (4 bytes).
    Removing stm32f0xx_hal_flash_ex.o(.revsh_text), (4 bytes).
    Removing stm32f0xx_hal_flash_ex.o(i.HAL_FLASHEx_Erase), (172 bytes).
    Removing stm32f0xx_hal_flash_ex.o(i.HAL_FLASHEx_Erase_IT), (104 bytes).
    Removing stm32f0xx_hal_flash_ex.o(i.HAL_FLASHEx_OBErase), (100 bytes).
    Removing stm32f0xx_hal_flash_ex.o(i.HAL_FLASHEx_OBGetConfig), (28 bytes).
    Removing stm32f0xx_hal_flash_ex.o(i.HAL_FLASHEx_OBGetUserData), (40 bytes).
    Removing stm32f0xx_hal_flash_ex.o(i.HAL_FLASHEx_OBProgram), (208 bytes).
    Removing stm32f0xx_hal_flash_ex.o(i._Z15FLASH_MassErasev), (40 bytes).
    Removing stm32f0xx_hal_flash_ex.o(i._Z15FLASH_OB_GetRDPv), (40 bytes).
    Removing stm32f0xx_hal_flash_ex.o(i._Z15FLASH_OB_GetWRPv), (12 bytes).
    Removing stm32f0xx_hal_flash_ex.o(i._Z15FLASH_PageErasej), (44 bytes).
    Removing stm32f0xx_hal_flash_ex.o(i._Z16FLASH_OB_GetUserv), (20 bytes).
    Removing stm32f0xx_hal_flash_ex.o(i._Z18FLASH_OB_EnableWRPj), (152 bytes).
    Removing stm32f0xx_hal_flash_ex.o(i._Z19FLASH_OB_DisableWRPj), (148 bytes).
    Removing stm32f0xx_hal_flash_ex.o(i._Z19FLASH_OB_UserConfigh), (84 bytes).
    Removing stm32f0xx_hal_flash_ex.o(i._Z20FLASH_OB_ProgramDatajh), (76 bytes).
    Removing stm32f0xx_hal_flash_ex.o(i._Z24FLASH_OB_RDP_LevelConfigh), (128 bytes).
    Removing stm32f0xx_hal_flash_ex.o(.ARM.exidx), (8 bytes).
    Removing stm32f0xx_hal_flash_ex.o(.ARM.exidx), (8 bytes).
    Removing stm32f0xx_hal_flash_ex.o(.ARM.exidx), (8 bytes).
    Removing stm32f0xx_hal_flash_ex.o(.ARM.exidx), (8 bytes).
    Removing stm32f0xx_hal_flash_ex.o(.ARM.exidx), (8 bytes).
    Removing stm32f0xx_hal_flash_ex.o(.ARM.exidx), (8 bytes).
    Removing stm32f0xx_hal_flash_ex.o(.ARM.exidx), (8 bytes).
    Removing stm32f0xx_hal_flash_ex.o(.ARM.exidx), (8 bytes).
    Removing stm32f0xx_hal_flash_ex.o(.ARM.exidx), (8 bytes).
    Removing stm32f0xx_hal_flash_ex.o(.ARM.exidx), (8 bytes).
    Removing stm32f0xx_hal_flash_ex.o(.ARM.exidx), (8 bytes).
    Removing stm32f0xx_hal_flash_ex.o(.ARM.exidx), (8 bytes).
    Removing stm32f0xx_hal_flash_ex.o(.ARM.exidx), (8 bytes).
    Removing stm32f0xx_hal_flash_ex.o(.ARM.exidx), (8 bytes).
    Removing stm32f0xx_hal_flash_ex.o(.ARM.exidx), (8 bytes).
    Removing stm32f0xx_hal_flash_ex.o(.ARM.exidx), (8 bytes).
    Removing system_stm32f0xx.o(.rev16_text), (4 bytes).
    Removing system_stm32f0xx.o(.revsh_text), (4 bytes).
    Removing system_stm32f0xx.o(i.SystemCoreClockUpdate), (176 bytes).
    Removing system_stm32f0xx.o(.ARM.exidx), (8 bytes).
    Removing system_stm32f0xx.o(.ARM.exidx), (8 bytes).
    Removing stm32f0xx_hal_dma.o(i.__ARM_common_switch8), (28 bytes).
    Removing stm32f0xx_hal_dma.o(.ARM.exidx), (8 bytes).

444 unused section(s) (total 20366 bytes) removed from the image.

==============================================================================

Image Symbol Table

    Local Symbols

    Symbol Name                              Value     Ov Type        Size  Object(Section)

    ../Drivers/STM32F0xx_HAL_Driver/Src/stm32f0xx_hal.c 0x00000000   Number         0  stm32f0xx_hal.o ABSOLUTE
    ../Drivers/STM32F0xx_HAL_Driver/Src/stm32f0xx_hal_cortex.c 0x00000000   Number         0  stm32f0xx_hal_cortex.o ABSOLUTE
    ../Drivers/STM32F0xx_HAL_Driver/Src/stm32f0xx_hal_dma.c 0x00000000   Number         0  stm32f0xx_hal_dma.o ABSOLUTE
    ../Drivers/STM32F0xx_HAL_Driver/Src/stm32f0xx_hal_flash.c 0x00000000   Number         0  stm32f0xx_hal_flash.o ABSOLUTE
    ../Drivers/STM32F0xx_HAL_Driver/Src/stm32f0xx_hal_flash_ex.c 0x00000000   Number         0  stm32f0xx_hal_flash_ex.o ABSOLUTE
    ../Drivers/STM32F0xx_HAL_Driver/Src/stm32f0xx_hal_gpio.c 0x00000000   Number         0  stm32f0xx_hal_gpio.o ABSOLUTE
    ../Drivers/STM32F0xx_HAL_Driver/Src/stm32f0xx_hal_i2c.c 0x00000000   Number         0  stm32f0xx_hal_i2c.o ABSOLUTE
    ../Drivers/STM32F0xx_HAL_Driver/Src/stm32f0xx_hal_i2c_ex.c 0x00000000   Number         0  stm32f0xx_hal_i2c_ex.o ABSOLUTE
    ../Drivers/STM32F0xx_HAL_Driver/Src/stm32f0xx_hal_pwr.c 0x00000000   Number         0  stm32f0xx_hal_pwr.o ABSOLUTE
    ../Drivers/STM32F0xx_HAL_Driver/Src/stm32f0xx_hal_pwr_ex.c 0x00000000   Number         0  stm32f0xx_hal_pwr_ex.o ABSOLUTE
    ../Drivers/STM32F0xx_HAL_Driver/Src/stm32f0xx_hal_rcc.c 0x00000000   Number         0  stm32f0xx_hal_rcc.o ABSOLUTE
    ../Drivers/STM32F0xx_HAL_Driver/Src/stm32f0xx_hal_rcc_ex.c 0x00000000   Number         0  stm32f0xx_hal_rcc_ex.o ABSOLUTE
    ../Drivers/STM32F0xx_HAL_Driver/Src/stm32f0xx_hal_tim.c 0x00000000   Number         0  stm32f0xx_hal_tim.o ABSOLUTE
    ../Drivers/STM32F0xx_HAL_Driver/Src/stm32f0xx_hal_tim_ex.c 0x00000000   Number         0  stm32f0xx_hal_tim_ex.o ABSOLUTE
    ../Src/gpio.c                            0x00000000   Number         0  gpio.o ABSOLUTE
    ../Src/stm32f0xx_hal_msp.c               0x00000000   Number         0  stm32f0xx_hal_msp.o ABSOLUTE
    ../Src/stm32f0xx_it.c                    0x00000000   Number         0  stm32f0xx_it.o ABSOLUTE
    ../Src/system_stm32f0xx.c                0x00000000   Number         0  system_stm32f0xx.o ABSOLUTE
    ../clib/angel/boardlib.s                 0x00000000   Number         0  boardinit2.o ABSOLUTE
    ../clib/angel/boardlib.s                 0x00000000   Number         0  boardinit3.o ABSOLUTE
    ../clib/angel/boardlib.s                 0x00000000   Number         0  boardshut.o ABSOLUTE
    ../clib/angel/boardlib.s                 0x00000000   Number         0  boardinit1.o ABSOLUTE
    ../clib/angel/handlers.s                 0x00000000   Number         0  __scatter_zi.o ABSOLUTE
    ../clib/angel/handlers.s                 0x00000000   Number         0  __scatter_copy.o ABSOLUTE
    ../clib/angel/kernel.s                   0x00000000   Number         0  __rtentry.o ABSOLUTE
    ../clib/angel/kernel.s                   0x00000000   Number         0  rtexit2.o ABSOLUTE
    ../clib/angel/kernel.s                   0x00000000   Number         0  __rtentry4.o ABSOLUTE
    ../clib/angel/kernel.s                   0x00000000   Number         0  rtexit.o ABSOLUTE
    ../clib/angel/kernel.s                   0x00000000   Number         0  __rtentry2.o ABSOLUTE
    ../clib/angel/rt.s                       0x00000000   Number         0  rt_raise.o ABSOLUTE
    ../clib/angel/rt.s                       0x00000000   Number         0  aeabi_idiv0.o ABSOLUTE
    ../clib/angel/rt.s                       0x00000000   Number         0  rt_div0.o ABSOLUTE
    ../clib/angel/rt.s                       0x00000000   Number         0  aeabi_idiv0_sigfpe.o ABSOLUTE
    ../clib/angel/scatterp.s                 0x00000000   Number         0  __scatter.o ABSOLUTE
    ../clib/angel/startup.s                  0x00000000   Number         0  __main.o ABSOLUTE
    ../clib/angel/sys.s                      0x00000000   Number         0  indicate_semi.o ABSOLUTE
    ../clib/angel/sys.s                      0x00000000   Number         0  libspace.o ABSOLUTE
    ../clib/angel/sys.s                      0x00000000   Number         0  sys_stackheap_outer.o ABSOLUTE
    ../clib/angel/sys.s                      0x00000000   Number         0  use_no_semi.o ABSOLUTE
    ../clib/angel/sys.s                      0x00000000   Number         0  tempstk.o ABSOLUTE
    ../clib/angel/sysapp.c                   0x00000000   Number         0  sys_exit.o ABSOLUTE
    ../clib/angel/sysapp.c                   0x00000000   Number         0  sys_command.o ABSOLUTE
    ../clib/angel/sysapp.c                   0x00000000   Number         0  sys_wrch.o ABSOLUTE
    ../clib/arm_runtime.c                    0x00000000   Number         0  init_aeabi.o ABSOLUTE
    ../clib/arm_runtime.c                    0x00000000   Number         0  init_aeabi.o ABSOLUTE
    ../clib/armsys.c                         0x00000000   Number         0  no_argv.o ABSOLUTE
    ../clib/armsys.c                         0x00000000   Number         0  argv_veneer.o ABSOLUTE
    ../clib/armsys.c                         0x00000000   Number         0  _get_argv_nomalloc.o ABSOLUTE
    ../clib/division.s                       0x00000000   Number         0  aeabi_sdiv_div0.o ABSOLUTE
    ../clib/division.s                       0x00000000   Number         0  aeabi_sdiv.o ABSOLUTE
    ../clib/heapalloc.c                      0x00000000   Number         0  hrguard.o ABSOLUTE
    ../clib/heapaux.c                        0x00000000   Number         0  heapauxi.o ABSOLUTE
    ../clib/libinit.s                        0x00000000   Number         0  libshutdown2.o ABSOLUTE
    ../clib/libinit.s                        0x00000000   Number         0  libinit.o ABSOLUTE
    ../clib/libinit.s                        0x00000000   Number         0  libshutdown.o ABSOLUTE
    ../clib/libinit.s                        0x00000000   Number         0  libinit2.o ABSOLUTE
    ../clib/longlong.c                       0x00000000   Number         0  llushr.o ABSOLUTE
    ../clib/memcpset.c                       0x00000000   Number         0  rt_memclr.o ABSOLUTE
    ../clib/signal.c                         0x00000000   Number         0  __raise.o ABSOLUTE
    ../clib/signal.c                         0x00000000   Number         0  defsig_rtmem_outer.o ABSOLUTE
    ../clib/signal.c                         0x00000000   Number         0  defsig_rtmem_formal.o ABSOLUTE
    ../clib/signal.c                         0x00000000   Number         0  defsig_pvfn_inner.o ABSOLUTE
    ../clib/signal.c                         0x00000000   Number         0  defsig_general.o ABSOLUTE
    ../clib/signal.c                         0x00000000   Number         0  defsig_cppl_inner.o ABSOLUTE
    ../clib/signal.c                         0x00000000   Number         0  defsig_stak_inner.o ABSOLUTE
    ../clib/signal.c                         0x00000000   Number         0  defsig_rtred_inner.o ABSOLUTE
    ../clib/signal.c                         0x00000000   Number         0  defsig_fpe_formal.o ABSOLUTE
    ../clib/signal.c                         0x00000000   Number         0  defsig_fpe_outer.o ABSOLUTE
    ../clib/signal.c                         0x00000000   Number         0  defsig_abrt_inner.o ABSOLUTE
    ../clib/signal.c                         0x00000000   Number         0  defsig_rtmem_inner.o ABSOLUTE
    ../clib/signal.c                         0x00000000   Number         0  defsig_segv_inner.o ABSOLUTE
    ../clib/signal.c                         0x00000000   Number         0  defsig_other.o ABSOLUTE
    ../clib/signal.c                         0x00000000   Number         0  defsig_exit.o ABSOLUTE
    ../clib/signal.c                         0x00000000   Number         0  defsig_fpe_inner.o ABSOLUTE
    ../clib/signal.s                         0x00000000   Number         0  defsig.o ABSOLUTE
    ../clib/stdlib.c                         0x00000000   Number         0  exit.o ABSOLUTE
    ../fplib/cfplib/fpinit.c                 0x00000000   Number         0  fpinit.o ABSOLUTE
    ..\Drivers\STM32F0xx_HAL_Driver\Src\stm32f0xx_hal.c 0x00000000   Number         0  stm32f0xx_hal.o ABSOLUTE
    ..\Drivers\STM32F0xx_HAL_Driver\Src\stm32f0xx_hal_cortex.c 0x00000000   Number         0  stm32f0xx_hal_cortex.o ABSOLUTE
    ..\Drivers\STM32F0xx_HAL_Driver\Src\stm32f0xx_hal_dma.c 0x00000000   Number         0  stm32f0xx_hal_dma.o ABSOLUTE
    ..\Drivers\STM32F0xx_HAL_Driver\Src\stm32f0xx_hal_flash.c 0x00000000   Number         0  stm32f0xx_hal_flash.o ABSOLUTE
    ..\Drivers\STM32F0xx_HAL_Driver\Src\stm32f0xx_hal_flash_ex.c 0x00000000   Number         0  stm32f0xx_hal_flash_ex.o ABSOLUTE
    ..\Drivers\STM32F0xx_HAL_Driver\Src\stm32f0xx_hal_gpio.c 0x00000000   Number         0  stm32f0xx_hal_gpio.o ABSOLUTE
    ..\Drivers\STM32F0xx_HAL_Driver\Src\stm32f0xx_hal_i2c.c 0x00000000   Number         0  stm32f0xx_hal_i2c.o ABSOLUTE
    ..\Drivers\STM32F0xx_HAL_Driver\Src\stm32f0xx_hal_i2c_ex.c 0x00000000   Number         0  stm32f0xx_hal_i2c_ex.o ABSOLUTE
    ..\Drivers\STM32F0xx_HAL_Driver\Src\stm32f0xx_hal_pwr.c 0x00000000   Number         0  stm32f0xx_hal_pwr.o ABSOLUTE
    ..\Drivers\STM32F0xx_HAL_Driver\Src\stm32f0xx_hal_pwr_ex.c 0x00000000   Number         0  stm32f0xx_hal_pwr_ex.o ABSOLUTE
    ..\Drivers\STM32F0xx_HAL_Driver\Src\stm32f0xx_hal_rcc.c 0x00000000   Number         0  stm32f0xx_hal_rcc.o ABSOLUTE
    ..\Drivers\STM32F0xx_HAL_Driver\Src\stm32f0xx_hal_rcc_ex.c 0x00000000   Number         0  stm32f0xx_hal_rcc_ex.o ABSOLUTE
    ..\Drivers\STM32F0xx_HAL_Driver\Src\stm32f0xx_hal_tim.c 0x00000000   Number         0  stm32f0xx_hal_tim.o ABSOLUTE
    ..\Drivers\STM32F0xx_HAL_Driver\Src\stm32f0xx_hal_tim_ex.c 0x00000000   Number         0  stm32f0xx_hal_tim_ex.o ABSOLUTE
    ..\Src\API_LED.cpp                       0x00000000   Number         0  api_led.o ABSOLUTE
    ..\Src\gpio.c                            0x00000000   Number         0  gpio.o ABSOLUTE
    ..\Src\main.cpp                          0x00000000   Number         0  main.o ABSOLUTE
    ..\Src\stm32f0xx_hal_msp.c               0x00000000   Number         0  stm32f0xx_hal_msp.o ABSOLUTE
    ..\Src\stm32f0xx_it.c                    0x00000000   Number         0  stm32f0xx_it.o ABSOLUTE
    ..\Src\system_stm32f0xx.c                0x00000000   Number         0  system_stm32f0xx.o ABSOLUTE
    ..\\Src\\API_LED.cpp                     0x00000000   Number         0  api_led.o ABSOLUTE
    ..\\Src\\main.cpp                        0x00000000   Number         0  main.o ABSOLUTE
    dc.s                                     0x00000000   Number         0  dc.o ABSOLUTE
    startup_stm32f051x8.s                    0x00000000   Number         0  startup_stm32f051x8.o ABSOLUTE
    RESET                                    0x08000000   Section      188  startup_stm32f051x8.o(RESET)
    !!!main                                  0x080000bc   Section        8  __main.o(!!!main)
    !!!scatter                               0x080000c4   Section       60  __scatter.o(!!!scatter)
    !!handler_copy                           0x08000100   Section       26  __scatter_copy.o(!!handler_copy)
    !!handler_zi                             0x0800011c   Section       28  __scatter_zi.o(!!handler_zi)
    .ARM.Collect$$libinit$$00000000          0x08000138   Section        2  libinit.o(.ARM.Collect$$libinit$$00000000)
    .ARM.Collect$$libinit$$00000002          0x0800013a   Section        0  libinit2.o(.ARM.Collect$$libinit$$00000002)
    .ARM.Collect$$libinit$$00000004          0x0800013a   Section        0  libinit2.o(.ARM.Collect$$libinit$$00000004)
    .ARM.Collect$$libinit$$0000000A          0x0800013a   Section        0  libinit2.o(.ARM.Collect$$libinit$$0000000A)
    .ARM.Collect$$libinit$$0000000C          0x0800013a   Section        0  libinit2.o(.ARM.Collect$$libinit$$0000000C)
    .ARM.Collect$$libinit$$0000000E          0x0800013a   Section        0  libinit2.o(.ARM.Collect$$libinit$$0000000E)
    .ARM.Collect$$libinit$$00000011          0x0800013a   Section        0  libinit2.o(.ARM.Collect$$libinit$$00000011)
    .ARM.Collect$$libinit$$00000013          0x0800013a   Section        0  libinit2.o(.ARM.Collect$$libinit$$00000013)
    .ARM.Collect$$libinit$$00000015          0x0800013a   Section        0  libinit2.o(.ARM.Collect$$libinit$$00000015)
    .ARM.Collect$$libinit$$00000017          0x0800013a   Section        0  libinit2.o(.ARM.Collect$$libinit$$00000017)
    .ARM.Collect$$libinit$$00000019          0x0800013a   Section        0  libinit2.o(.ARM.Collect$$libinit$$00000019)
    .ARM.Collect$$libinit$$0000001B          0x0800013a   Section        0  libinit2.o(.ARM.Collect$$libinit$$0000001B)
    .ARM.Collect$$libinit$$0000001D          0x0800013a   Section        0  libinit2.o(.ARM.Collect$$libinit$$0000001D)
    .ARM.Collect$$libinit$$0000001F          0x0800013a   Section        0  libinit2.o(.ARM.Collect$$libinit$$0000001F)
    .ARM.Collect$$libinit$$00000021          0x0800013a   Section        0  libinit2.o(.ARM.Collect$$libinit$$00000021)
    .ARM.Collect$$libinit$$00000023          0x0800013a   Section        0  libinit2.o(.ARM.Collect$$libinit$$00000023)
    .ARM.Collect$$libinit$$00000025          0x0800013a   Section        0  libinit2.o(.ARM.Collect$$libinit$$00000025)
    .ARM.Collect$$libinit$$0000002C          0x0800013a   Section        0  libinit2.o(.ARM.Collect$$libinit$$0000002C)
    .ARM.Collect$$libinit$$0000002E          0x0800013a   Section        0  libinit2.o(.ARM.Collect$$libinit$$0000002E)
    .ARM.Collect$$libinit$$00000030          0x0800013a   Section        0  libinit2.o(.ARM.Collect$$libinit$$00000030)
    .ARM.Collect$$libinit$$00000031          0x0800013a   Section        4  libinit2.o(.ARM.Collect$$libinit$$00000031)
    .ARM.Collect$$libinit$$00000032          0x0800013e   Section        0  libinit2.o(.ARM.Collect$$libinit$$00000032)
    .ARM.Collect$$libinit$$00000033          0x0800013e   Section        2  libinit2.o(.ARM.Collect$$libinit$$00000033)
    .ARM.Collect$$libshutdown$$00000000      0x08000140   Section        2  libshutdown.o(.ARM.Collect$$libshutdown$$00000000)
    .ARM.Collect$$libshutdown$$00000002      0x08000142   Section        0  libshutdown2.o(.ARM.Collect$$libshutdown$$00000002)
    .ARM.Collect$$libshutdown$$00000004      0x08000142   Section        0  libshutdown2.o(.ARM.Collect$$libshutdown$$00000004)
    .ARM.Collect$$libshutdown$$00000007      0x08000142   Section        0  libshutdown2.o(.ARM.Collect$$libshutdown$$00000007)
    .ARM.Collect$$libshutdown$$0000000A      0x08000142   Section        0  libshutdown2.o(.ARM.Collect$$libshutdown$$0000000A)
    .ARM.Collect$$libshutdown$$0000000C      0x08000142   Section        0  libshutdown2.o(.ARM.Collect$$libshutdown$$0000000C)
    .ARM.Collect$$libshutdown$$0000000F      0x08000142   Section        0  libshutdown2.o(.ARM.Collect$$libshutdown$$0000000F)
    .ARM.Collect$$libshutdown$$00000010      0x08000142   Section        2  libshutdown2.o(.ARM.Collect$$libshutdown$$00000010)
    .ARM.Collect$$rtentry$$00000000          0x08000144   Section        0  __rtentry.o(.ARM.Collect$$rtentry$$00000000)
    .ARM.Collect$$rtentry$$00000002          0x08000144   Section        0  __rtentry2.o(.ARM.Collect$$rtentry$$00000002)
    .ARM.Collect$$rtentry$$00000004          0x08000144   Section        6  __rtentry4.o(.ARM.Collect$$rtentry$$00000004)
    .ARM.Collect$$rtentry$$00000009          0x0800014a   Section        0  __rtentry2.o(.ARM.Collect$$rtentry$$00000009)
    .ARM.Collect$$rtentry$$0000000A          0x0800014a   Section        4  __rtentry2.o(.ARM.Collect$$rtentry$$0000000A)
    .ARM.Collect$$rtentry$$0000000C          0x0800014e   Section        0  __rtentry2.o(.ARM.Collect$$rtentry$$0000000C)
    .ARM.Collect$$rtentry$$0000000D          0x0800014e   Section        8  __rtentry2.o(.ARM.Collect$$rtentry$$0000000D)
    .ARM.Collect$$rtexit$$00000000           0x08000156   Section        2  rtexit.o(.ARM.Collect$$rtexit$$00000000)
    .ARM.Collect$$rtexit$$00000002           0x08000158   Section        0  rtexit2.o(.ARM.Collect$$rtexit$$00000002)
    .ARM.Collect$$rtexit$$00000003           0x08000158   Section        4  rtexit2.o(.ARM.Collect$$rtexit$$00000003)
    .ARM.Collect$$rtexit$$00000004           0x0800015c   Section        6  rtexit2.o(.ARM.Collect$$rtexit$$00000004)
    .text                                    0x08000164   Section       56  startup_stm32f051x8.o(.text)
    .text                                    0x0800019c   Section        0  rt_memclr.o(.text)
    .text                                    0x080001dc   Section      346  aeabi_sdiv.o(.text)
    .text                                    0x08000336   Section        0  heapauxi.o(.text)
    .text                                    0x0800033c   Section        0  init_aeabi.o(.text)
    .text                                    0x08000360   Section       62  sys_stackheap_outer.o(.text)
    .text                                    0x0800039e   Section        0  exit.o(.text)
    .text                                    0x080003b0   Section        8  libspace.o(.text)
    .text                                    0x080003b8   Section        0  sys_exit.o(.text)
    .text                                    0x080003c4   Section        2  use_no_semi.o(.text)
    .text                                    0x080003c6   Section        0  indicate_semi.o(.text)
    i.Error_Handler                          0x080003c6   Section        0  main.o(i.Error_Handler)
    i.HAL_GPIO_Init                          0x080003c8   Section        0  stm32f0xx_hal_gpio.o(i.HAL_GPIO_Init)
    i.HAL_GPIO_TogglePin                     0x080005b4   Section        0  stm32f0xx_hal_gpio.o(i.HAL_GPIO_TogglePin)
    i.HAL_GPIO_WritePin                      0x080005bc   Section        0  stm32f0xx_hal_gpio.o(i.HAL_GPIO_WritePin)
    i.HAL_GetTick                            0x080005c8   Section        0  stm32f0xx_hal.o(i.HAL_GetTick)
    i.HAL_IncTick                            0x080005d4   Section        0  stm32f0xx_hal.o(i.HAL_IncTick)
    i.HAL_Init                               0x080005e4   Section        0  stm32f0xx_hal.o(i.HAL_Init)
    i.HAL_InitTick                           0x08000604   Section        0  stm32f0xx_hal.o(i.HAL_InitTick)
    i.HAL_MspInit                            0x0800062c   Section        0  stm32f0xx_hal_msp.o(i.HAL_MspInit)
    i.HAL_NVIC_SetPriority                   0x08000668   Section        0  stm32f0xx_hal_cortex.o(i.HAL_NVIC_SetPriority)
    i.HAL_RCC_ClockConfig                    0x0800067c   Section        0  stm32f0xx_hal_rcc.o(i.HAL_RCC_ClockConfig)
    i.HAL_RCC_GetHCLKFreq                    0x08000810   Section        0  stm32f0xx_hal_rcc.o(i.HAL_RCC_GetHCLKFreq)
    i.HAL_RCC_GetSysClockFreq                0x0800081c   Section        0  stm32f0xx_hal_rcc.o(i.HAL_RCC_GetSysClockFreq)
    i.HAL_RCC_OscConfig                      0x080008e0   Section        0  stm32f0xx_hal_rcc.o(i.HAL_RCC_OscConfig)
    i.HAL_SYSTICK_CLKSourceConfig            0x08000e2c   Section        0  stm32f0xx_hal_cortex.o(i.HAL_SYSTICK_CLKSourceConfig)
    i.HAL_SYSTICK_Config                     0x08000e50   Section        0  stm32f0xx_hal_cortex.o(i.HAL_SYSTICK_Config)
    i.HardFault_Handler                      0x08000e88   Section        0  stm32f0xx_it.o(i.HardFault_Handler)
    i.MX_GPIO_Init                           0x08000e8c   Section        0  gpio.o(i.MX_GPIO_Init)
    i.NMI_Handler                            0x08000f00   Section        0  stm32f0xx_it.o(i.NMI_Handler)
    i.PendSV_Handler                         0x08000f02   Section        0  stm32f0xx_it.o(i.PendSV_Handler)
    i.SVC_Handler                            0x08000f04   Section        0  stm32f0xx_it.o(i.SVC_Handler)
    i.SysTick_Handler                        0x08000f08   Section        0  stm32f0xx_it.o(i.SysTick_Handler)
    i.SystemInit                             0x08000f1c   Section        0  system_stm32f0xx.o(i.SystemInit)
    i._Z16NVIC_SetPriority9IRQn_Typej        0x08000f90   Section        0  stm32f0xx_hal_cortex.o(i._Z16NVIC_SetPriority9IRQn_Typej)
    NVIC_SetPriority(IRQn_Type, unsigned)    0x08000f91   Thumb Code   110  stm32f0xx_hal_cortex.o(i._Z16NVIC_SetPriority9IRQn_Typej)
    i._Z18SystemClock_Configv                0x08001008   Section        0  main.o(i._Z18SystemClock_Configv)
    i._ZN4CLed3offEv                         0x08001086   Section        0  api_led.o(i._ZN4CLed3offEv)
    i._ZN4CLed6toggleEv                      0x08001096   Section        0  api_led.o(i._ZN4CLed6toggleEv)
    i._ZN4CLed9runToggleEv                   0x080010a4   Section        0  api_led.o(i._ZN4CLed9runToggleEv)
    i._ZN4CLedC1EP12GPIO_TypeDeftt           0x080010c2   Section        0  api_led.o(i._ZN4CLedC1EP12GPIO_TypeDeftt)
    i.__sti___14_stm32f0xx_it_c_LED          0x080010e0   Section        0  stm32f0xx_it.o(i.__sti___14_stm32f0xx_it_c_LED)
    __sti___14_stm32f0xx_it_c_LED            0x080010e1   Thumb Code    16  stm32f0xx_it.o(i.__sti___14_stm32f0xx_it_c_LED)
    i.main                                   0x080010f8   Section        0  main.o(i.main)
    .constdata                               0x08001108   Section       24  system_stm32f0xx.o(.constdata)
    .init_array                              0x08001140   Section        4  stm32f0xx_it.o(.init_array)
    .init_array                              0x08001144   Section        0  init_aeabi.o(.init_array)
    .data                                    0x20000000   Section        4  stm32f0xx_hal.o(.data)
    .data                                    0x20000004   Section        4  system_stm32f0xx.o(.data)
    .bss                                     0x20000008   Section       12  stm32f0xx_it.o(.bss)
    .bss                                     0x20000014   Section       96  libspace.o(.bss)
    HEAP                                     0x20000078   Section      512  startup_stm32f051x8.o(HEAP)
    Heap_Mem                                 0x20000078   Data         512  startup_stm32f051x8.o(HEAP)
    STACK                                    0x20000278   Section     1024  startup_stm32f051x8.o(STACK)
    Stack_Mem                                0x20000278   Data        1024  startup_stm32f051x8.o(STACK)
    __initial_sp                             0x20000678   Data           0  startup_stm32f051x8.o(STACK)

    Global Symbols

    Symbol Name                              Value     Ov Type        Size  Object(Section)

    BuildAttributes$$THM_ISAv3M$S$PE$A:L22$X:L11$S22$IEEE1$IW$USESV6$~STKCKD$USESV7$~SHL$OSPACE$ROPI$EBA8$UX$STANDARDLIB$REQ8$PRES8$EABIv2 0x00000000   Number         0  anon$$obj.o ABSOLUTE
    __ARM_use_no_argv                        0x00000000   Number         0  main.o ABSOLUTE
    __ARM_exceptions_init                     - Undefined Weak Reference
    __alloca_initialize                       - Undefined Weak Reference
    __arm_preinit_                            - Undefined Weak Reference
    __cxa_finalize                            - Undefined Weak Reference
    __rt_locale                               - Undefined Weak Reference
    __sigvec_lookup                           - Undefined Weak Reference
    _atexit_init                              - Undefined Weak Reference
    _call_atexit_fns                          - Undefined Weak Reference
    _clock_init                               - Undefined Weak Reference
    _fp_trap_init                             - Undefined Weak Reference
    _fp_trap_shutdown                         - Undefined Weak Reference
    _get_lc_collate                           - Undefined Weak Reference
    _get_lc_ctype                             - Undefined Weak Reference
    _get_lc_monetary                          - Undefined Weak Reference
    _get_lc_numeric                           - Undefined Weak Reference
    _get_lc_time                              - Undefined Weak Reference
    _getenv_init                              - Undefined Weak Reference
    _handle_redirection                       - Undefined Weak Reference
    _init_alloc                               - Undefined Weak Reference
    _init_user_alloc                          - Undefined Weak Reference
    _initio                                   - Undefined Weak Reference
    _rand_init                                - Undefined Weak Reference
    _signal_finish                            - Undefined Weak Reference
    _signal_init                              - Undefined Weak Reference
    _terminate_alloc                          - Undefined Weak Reference
    _terminate_user_alloc                     - Undefined Weak Reference
    _terminateio                              - Undefined Weak Reference
    __Vectors_Size                           0x000000bc   Number         0  startup_stm32f051x8.o ABSOLUTE
    __Vectors                                0x08000000   Data           4  startup_stm32f051x8.o(RESET)
    __Vectors_End                            0x080000bc   Data           0  startup_stm32f051x8.o(RESET)
    __main                                   0x080000bd   Thumb Code     8  __main.o(!!!main)
    __scatterload                            0x080000c5   Thumb Code     0  __scatter.o(!!!scatter)
    __scatterload_rt2                        0x080000c5   Thumb Code    52  __scatter.o(!!!scatter)
    __scatterload_rt2_thumb_only             0x080000c5   Thumb Code     0  __scatter.o(!!!scatter)
    __scatterload_null                       0x080000d5   Thumb Code     0  __scatter.o(!!!scatter)
    __scatterload_copy                       0x08000101   Thumb Code    26  __scatter_copy.o(!!handler_copy)
    __scatterload_zeroinit                   0x0800011d   Thumb Code    28  __scatter_zi.o(!!handler_zi)
    __rt_lib_init                            0x08000139   Thumb Code     0  libinit.o(.ARM.Collect$$libinit$$00000000)
    __rt_lib_init_alloca_1                   0x0800013b   Thumb Code     0  libinit2.o(.ARM.Collect$$libinit$$0000002E)
    __rt_lib_init_argv_1                     0x0800013b   Thumb Code     0  libinit2.o(.ARM.Collect$$libinit$$0000002C)
    __rt_lib_init_atexit_1                   0x0800013b   Thumb Code     0  libinit2.o(.ARM.Collect$$libinit$$0000001B)
    __rt_lib_init_clock_1                    0x0800013b   Thumb Code     0  libinit2.o(.ARM.Collect$$libinit$$00000021)
    __rt_lib_init_cpp_2                      0x0800013b   Thumb Code     0  libinit2.o(.ARM.Collect$$libinit$$00000031)
    __rt_lib_init_exceptions_1               0x0800013b   Thumb Code     0  libinit2.o(.ARM.Collect$$libinit$$00000030)
    __rt_lib_init_fp_1                       0x0800013b   Thumb Code     0  libinit2.o(.ARM.Collect$$libinit$$00000002)
    __rt_lib_init_fp_trap_1                  0x0800013b   Thumb Code     0  libinit2.o(.ARM.Collect$$libinit$$0000001F)
    __rt_lib_init_getenv_1                   0x0800013b   Thumb Code     0  libinit2.o(.ARM.Collect$$libinit$$00000023)
    __rt_lib_init_heap_1                     0x0800013b   Thumb Code     0  libinit2.o(.ARM.Collect$$libinit$$0000000A)
    __rt_lib_init_lc_collate_1               0x0800013b   Thumb Code     0  libinit2.o(.ARM.Collect$$libinit$$00000011)
    __rt_lib_init_lc_ctype_1                 0x0800013b   Thumb Code     0  libinit2.o(.ARM.Collect$$libinit$$00000013)
    __rt_lib_init_lc_monetary_1              0x0800013b   Thumb Code     0  libinit2.o(.ARM.Collect$$libinit$$00000015)
    __rt_lib_init_lc_numeric_1               0x0800013b   Thumb Code     0  libinit2.o(.ARM.Collect$$libinit$$00000017)
    __rt_lib_init_lc_time_1                  0x0800013b   Thumb Code     0  libinit2.o(.ARM.Collect$$libinit$$00000019)
    __rt_lib_init_preinit_1                  0x0800013b   Thumb Code     0  libinit2.o(.ARM.Collect$$libinit$$00000004)
    __rt_lib_init_rand_1                     0x0800013b   Thumb Code     0  libinit2.o(.ARM.Collect$$libinit$$0000000E)
    __rt_lib_init_signal_1                   0x0800013b   Thumb Code     0  libinit2.o(.ARM.Collect$$libinit$$0000001D)
    __rt_lib_init_stdio_1                    0x0800013b   Thumb Code     0  libinit2.o(.ARM.Collect$$libinit$$00000025)
    __rt_lib_init_user_alloc_1               0x0800013b   Thumb Code     0  libinit2.o(.ARM.Collect$$libinit$$0000000C)
    __rt_lib_init_cpp_1                      0x0800013f   Thumb Code     0  libinit2.o(.ARM.Collect$$libinit$$00000032)
    __rt_lib_init_return                     0x0800013f   Thumb Code     0  libinit2.o(.ARM.Collect$$libinit$$00000033)
    __rt_lib_shutdown                        0x08000141   Thumb Code     0  libshutdown.o(.ARM.Collect$$libshutdown$$00000000)
    __rt_lib_shutdown_cpp_1                  0x08000143   Thumb Code     0  libshutdown2.o(.ARM.Collect$$libshutdown$$00000002)
    __rt_lib_shutdown_fp_trap_1              0x08000143   Thumb Code     0  libshutdown2.o(.ARM.Collect$$libshutdown$$00000007)
    __rt_lib_shutdown_heap_1                 0x08000143   Thumb Code     0  libshutdown2.o(.ARM.Collect$$libshutdown$$0000000F)
    __rt_lib_shutdown_return                 0x08000143   Thumb Code     0  libshutdown2.o(.ARM.Collect$$libshutdown$$00000010)
    __rt_lib_shutdown_signal_1               0x08000143   Thumb Code     0  libshutdown2.o(.ARM.Collect$$libshutdown$$0000000A)
    __rt_lib_shutdown_stdio_1                0x08000143   Thumb Code     0  libshutdown2.o(.ARM.Collect$$libshutdown$$00000004)
    __rt_lib_shutdown_user_alloc_1           0x08000143   Thumb Code     0  libshutdown2.o(.ARM.Collect$$libshutdown$$0000000C)
    __rt_entry                               0x08000145   Thumb Code     0  __rtentry.o(.ARM.Collect$$rtentry$$00000000)
    __rt_entry_presh_1                       0x08000145   Thumb Code     0  __rtentry2.o(.ARM.Collect$$rtentry$$00000002)
    __rt_entry_sh                            0x08000145   Thumb Code     0  __rtentry4.o(.ARM.Collect$$rtentry$$00000004)
    __rt_entry_li                            0x0800014b   Thumb Code     0  __rtentry2.o(.ARM.Collect$$rtentry$$0000000A)
    __rt_entry_postsh_1                      0x0800014b   Thumb Code     0  __rtentry2.o(.ARM.Collect$$rtentry$$00000009)
    __rt_entry_main                          0x0800014f   Thumb Code     0  __rtentry2.o(.ARM.Collect$$rtentry$$0000000D)
    __rt_entry_postli_1                      0x0800014f   Thumb Code     0  __rtentry2.o(.ARM.Collect$$rtentry$$0000000C)
    __rt_exit                                0x08000157   Thumb Code     0  rtexit.o(.ARM.Collect$$rtexit$$00000000)
    __rt_exit_ls                             0x08000159   Thumb Code     0  rtexit2.o(.ARM.Collect$$rtexit$$00000003)
    __rt_exit_prels_1                        0x08000159   Thumb Code     0  rtexit2.o(.ARM.Collect$$rtexit$$00000002)
    __rt_exit_exit                           0x0800015d   Thumb Code     0  rtexit2.o(.ARM.Collect$$rtexit$$00000004)
    Reset_Handler                            0x08000165   Thumb Code     8  startup_stm32f051x8.o(.text)
    ADC1_COMP_IRQHandler                     0x08000177   Thumb Code     0  startup_stm32f051x8.o(.text)
    CEC_IRQHandler                           0x08000177   Thumb Code     0  startup_stm32f051x8.o(.text)
    DMA1_Channel1_IRQHandler                 0x08000177   Thumb Code     0  startup_stm32f051x8.o(.text)
    DMA1_Channel2_3_IRQHandler               0x08000177   Thumb Code     0  startup_stm32f051x8.o(.text)
    DMA1_Channel4_5_IRQHandler               0x08000177   Thumb Code     0  startup_stm32f051x8.o(.text)
    EXTI0_1_IRQHandler                       0x08000177   Thumb Code     0  startup_stm32f051x8.o(.text)
    EXTI2_3_IRQHandler                       0x08000177   Thumb Code     0  startup_stm32f051x8.o(.text)
    EXTI4_15_IRQHandler                      0x08000177   Thumb Code     0  startup_stm32f051x8.o(.text)
    FLASH_IRQHandler                         0x08000177   Thumb Code     0  startup_stm32f051x8.o(.text)
    I2C1_IRQHandler                          0x08000177   Thumb Code     0  startup_stm32f051x8.o(.text)
    I2C2_IRQHandler                          0x08000177   Thumb Code     0  startup_stm32f051x8.o(.text)
    PVD_IRQHandler                           0x08000177   Thumb Code     0  startup_stm32f051x8.o(.text)
    RCC_IRQHandler                           0x08000177   Thumb Code     0  startup_stm32f051x8.o(.text)
    RTC_IRQHandler                           0x08000177   Thumb Code     0  startup_stm32f051x8.o(.text)
    SPI1_IRQHandler                          0x08000177   Thumb Code     0  startup_stm32f051x8.o(.text)
    SPI2_IRQHandler                          0x08000177   Thumb Code     0  startup_stm32f051x8.o(.text)
    TIM14_IRQHandler                         0x08000177   Thumb Code     0  startup_stm32f051x8.o(.text)
    TIM15_IRQHandler                         0x08000177   Thumb Code     0  startup_stm32f051x8.o(.text)
    TIM16_IRQHandler                         0x08000177   Thumb Code     0  startup_stm32f051x8.o(.text)
    TIM17_IRQHandler                         0x08000177   Thumb Code     0  startup_stm32f051x8.o(.text)
    TIM1_BRK_UP_TRG_COM_IRQHandler           0x08000177   Thumb Code     0  startup_stm32f051x8.o(.text)
    TIM1_CC_IRQHandler                       0x08000177   Thumb Code     0  startup_stm32f051x8.o(.text)
    TIM2_IRQHandler                          0x08000177   Thumb Code     0  startup_stm32f051x8.o(.text)
    TIM3_IRQHandler                          0x08000177   Thumb Code     0  startup_stm32f051x8.o(.text)
    TIM6_DAC_IRQHandler                      0x08000177   Thumb Code     0  startup_stm32f051x8.o(.text)
    TSC_IRQHandler                           0x08000177   Thumb Code     0  startup_stm32f051x8.o(.text)
    USART1_IRQHandler                        0x08000177   Thumb Code     0  startup_stm32f051x8.o(.text)
    USART2_IRQHandler                        0x08000177   Thumb Code     0  startup_stm32f051x8.o(.text)
    WWDG_IRQHandler                          0x08000177   Thumb Code     0  startup_stm32f051x8.o(.text)
    __user_initial_stackheap                 0x08000179   Thumb Code     0  startup_stm32f051x8.o(.text)
    _memset_w                                0x0800019d   Thumb Code    26  rt_memclr.o(.text)
    _memset                                  0x080001b7   Thumb Code    30  rt_memclr.o(.text)
    __aeabi_memclr                           0x080001d5   Thumb Code     4  rt_memclr.o(.text)
    __rt_memclr                              0x080001d5   Thumb Code     0  rt_memclr.o(.text)
    __aeabi_memclr4                          0x080001d9   Thumb Code     0  rt_memclr.o(.text)
    __aeabi_memclr8                          0x080001d9   Thumb Code     0  rt_memclr.o(.text)
    __rt_memclr_w                            0x080001d9   Thumb Code     4  rt_memclr.o(.text)
    __aeabi_uidiv                            0x080001dd   Thumb Code     0  aeabi_sdiv.o(.text)
    __aeabi_uidivmod                         0x080001dd   Thumb Code    20  aeabi_sdiv.o(.text)
    __aeabi_idiv                             0x080001f1   Thumb Code     0  aeabi_sdiv.o(.text)
    __aeabi_idivmod                          0x080001f1   Thumb Code   326  aeabi_sdiv.o(.text)
    __use_two_region_memory                  0x08000337   Thumb Code     2  heapauxi.o(.text)
    __rt_heap_escrow$2region                 0x08000339   Thumb Code     2  heapauxi.o(.text)
    __rt_heap_expand$2region                 0x0800033b   Thumb Code     2  heapauxi.o(.text)
    __cpp_initialize__aeabi_                 0x0800033d   Thumb Code    26  init_aeabi.o(.text)
    __user_setup_stackheap                   0x08000361   Thumb Code    62  sys_stackheap_outer.o(.text)
    exit                                     0x0800039f   Thumb Code    16  exit.o(.text)
    __user_libspace                          0x080003b1   Thumb Code     8  libspace.o(.text)
    __user_perproc_libspace                  0x080003b1   Thumb Code     0  libspace.o(.text)
    __user_perthread_libspace                0x080003b1   Thumb Code     0  libspace.o(.text)
    _sys_exit                                0x080003b9   Thumb Code     8  sys_exit.o(.text)
    __I$use$semihosting                      0x080003c5   Thumb Code     0  use_no_semi.o(.text)
    __use_no_semihosting_swi                 0x080003c5   Thumb Code     2  use_no_semi.o(.text)
    Error_Handler                            0x080003c7   Thumb Code     2  main.o(i.Error_Handler)
    __semihosting_library_function           0x080003c7   Thumb Code     0  indicate_semi.o(.text)
    HAL_GPIO_Init                            0x080003c9   Thumb Code   466  stm32f0xx_hal_gpio.o(i.HAL_GPIO_Init)
    HAL_GPIO_TogglePin                       0x080005b5   Thumb Code     8  stm32f0xx_hal_gpio.o(i.HAL_GPIO_TogglePin)
    HAL_GPIO_WritePin                        0x080005bd   Thumb Code    12  stm32f0xx_hal_gpio.o(i.HAL_GPIO_WritePin)
    HAL_GetTick                              0x080005c9   Thumb Code     6  stm32f0xx_hal.o(i.HAL_GetTick)
    HAL_IncTick                              0x080005d5   Thumb Code    12  stm32f0xx_hal.o(i.HAL_IncTick)
    HAL_Init                                 0x080005e5   Thumb Code    28  stm32f0xx_hal.o(i.HAL_Init)
    HAL_InitTick                             0x08000605   Thumb Code    38  stm32f0xx_hal.o(i.HAL_InitTick)
    HAL_MspInit                              0x0800062d   Thumb Code    56  stm32f0xx_hal_msp.o(i.HAL_MspInit)
    HAL_NVIC_SetPriority                     0x08000669   Thumb Code    18  stm32f0xx_hal_cortex.o(i.HAL_NVIC_SetPriority)
    HAL_RCC_ClockConfig                      0x0800067d   Thumb Code   382  stm32f0xx_hal_rcc.o(i.HAL_RCC_ClockConfig)
    HAL_RCC_GetHCLKFreq                      0x08000811   Thumb Code     6  stm32f0xx_hal_rcc.o(i.HAL_RCC_GetHCLKFreq)
    HAL_RCC_GetSysClockFreq                  0x0800081d   Thumb Code   150  stm32f0xx_hal_rcc.o(i.HAL_RCC_GetSysClockFreq)
    HAL_RCC_OscConfig                        0x080008e1   Thumb Code  1352  stm32f0xx_hal_rcc.o(i.HAL_RCC_OscConfig)
    HAL_SYSTICK_CLKSourceConfig              0x08000e2d   Thumb Code    32  stm32f0xx_hal_cortex.o(i.HAL_SYSTICK_CLKSourceConfig)
    HAL_SYSTICK_Config                       0x08000e51   Thumb Code    46  stm32f0xx_hal_cortex.o(i.HAL_SYSTICK_Config)
    HardFault_Handler                        0x08000e89   Thumb Code     4  stm32f0xx_it.o(i.HardFault_Handler)
    MX_GPIO_Init                             0x08000e8d   Thumb Code   106  gpio.o(i.MX_GPIO_Init)
    NMI_Handler                              0x08000f01   Thumb Code     2  stm32f0xx_it.o(i.NMI_Handler)
    PendSV_Handler                           0x08000f03   Thumb Code     2  stm32f0xx_it.o(i.PendSV_Handler)
    SVC_Handler                              0x08000f05   Thumb Code     2  stm32f0xx_it.o(i.SVC_Handler)
    SysTick_Handler                          0x08000f09   Thumb Code    14  stm32f0xx_it.o(i.SysTick_Handler)
    SystemInit                               0x08000f1d   Thumb Code   104  system_stm32f0xx.o(i.SystemInit)
    SystemClock_Config()                     0x08001009   Thumb Code   126  main.o(i._Z18SystemClock_Configv)
    CLed::off()                              0x08001087   Thumb Code    16  api_led.o(i._ZN4CLed3offEv)
    CLed::toggle()                           0x08001097   Thumb Code    14  api_led.o(i._ZN4CLed6toggleEv)
    CLed::runToggle()                        0x080010a5   Thumb Code    30  api_led.o(i._ZN4CLed9runToggleEv)
    CLed::CLed(GPIO_TypeDef*, unsigned short, unsigned short) 0x080010c3   Thumb Code    30  api_led.o(i._ZN4CLedC1EP12GPIO_TypeDeftt)
    CLed::CLed__sub_object(GPIO_TypeDef*, unsigned short, unsigned short) 0x080010c3   Thumb Code     0  api_led.o(i._ZN4CLedC1EP12GPIO_TypeDeftt)
    main                                     0x080010f9   Thumb Code    16  main.o(i.main)
    AHBPrescTable                            0x08001108   Data          16  system_stm32f0xx.o(.constdata)
    APBPrescTable                            0x08001118   Data           8  system_stm32f0xx.o(.constdata)
    Region$$Table$$Base                      0x08001120   Number         0  anon$$obj.o(Region$$Table)
    Region$$Table$$Limit                     0x08001140   Number         0  anon$$obj.o(Region$$Table)
    SHT$$INIT_ARRAY$$Base                    0x08001140   Number         0  stm32f0xx_it.o(.init_array)
    SHT$$INIT_ARRAY$$Limit                   0x08001144   Number         0  init_aeabi.o(.init_array)
    uwTick                                   0x20000000   Data           4  stm32f0xx_hal.o(.data)
    SystemCoreClock                          0x20000004   Data           4  system_stm32f0xx.o(.data)
    LED                                      0x20000008   Data          12  stm32f0xx_it.o(.bss)
    __libspace_start                         0x20000014   Data          96  libspace.o(.bss)
    __temporary_stack_top$libspace           0x20000074   Data           0  libspace.o(.bss)



==============================================================================

Memory Map of the image

  Image Entry point : 0x080000bd

  Load Region LR_IROM1 (Base: 0x08000000, Size: 0x0000114c, Max: 0x00008000, ABSOLUTE)

    Execution Region ER_IROM1 (Exec base: 0x08000000, Load base: 0x08000000, Size: 0x00001144, Max: 0x00008000, ABSOLUTE)

    Exec Addr    Load Addr    Size         Type   Attr      Idx    E Section Name        Object

    0x08000000   0x08000000   0x000000bc   Data   RO            3    RESET               startup_stm32f051x8.o
    0x080000bc   0x080000bc   0x00000008   Code   RO         1876  * !!!main             c_p.l(__main.o)
    0x080000c4   0x080000c4   0x0000003c   Code   RO         2051    !!!scatter          c_p.l(__scatter.o)
    0x08000100   0x08000100   0x0000001a   Code   RO         2053    !!handler_copy      c_p.l(__scatter_copy.o)
    0x0800011a   0x0800011a   0x00000002   PAD
    0x0800011c   0x0800011c   0x0000001c   Code   RO         2055    !!handler_zi        c_p.l(__scatter_zi.o)
    0x08000138   0x08000138   0x00000002   Code   RO         1973    .ARM.Collect$$libinit$$00000000  c_p.l(libinit.o)
    0x0800013a   0x0800013a   0x00000000   Code   RO         1890    .ARM.Collect$$libinit$$00000002  c_p.l(libinit2.o)
    0x0800013a   0x0800013a   0x00000000   Code   RO         1892    .ARM.Collect$$libinit$$00000004  c_p.l(libinit2.o)
    0x0800013a   0x0800013a   0x00000000   Code   RO         1895    .ARM.Collect$$libinit$$0000000A  c_p.l(libinit2.o)
    0x0800013a   0x0800013a   0x00000000   Code   RO         1897    .ARM.Collect$$libinit$$0000000C  c_p.l(libinit2.o)
    0x0800013a   0x0800013a   0x00000000   Code   RO         1899    .ARM.Collect$$libinit$$0000000E  c_p.l(libinit2.o)
    0x0800013a   0x0800013a   0x00000000   Code   RO         1902    .ARM.Collect$$libinit$$00000011  c_p.l(libinit2.o)
    0x0800013a   0x0800013a   0x00000000   Code   RO         1904    .ARM.Collect$$libinit$$00000013  c_p.l(libinit2.o)
    0x0800013a   0x0800013a   0x00000000   Code   RO         1906    .ARM.Collect$$libinit$$00000015  c_p.l(libinit2.o)
    0x0800013a   0x0800013a   0x00000000   Code   RO         1908    .ARM.Collect$$libinit$$00000017  c_p.l(libinit2.o)
    0x0800013a   0x0800013a   0x00000000   Code   RO         1910    .ARM.Collect$$libinit$$00000019  c_p.l(libinit2.o)
    0x0800013a   0x0800013a   0x00000000   Code   RO         1912    .ARM.Collect$$libinit$$0000001B  c_p.l(libinit2.o)
    0x0800013a   0x0800013a   0x00000000   Code   RO         1914    .ARM.Collect$$libinit$$0000001D  c_p.l(libinit2.o)
    0x0800013a   0x0800013a   0x00000000   Code   RO         1916    .ARM.Collect$$libinit$$0000001F  c_p.l(libinit2.o)
    0x0800013a   0x0800013a   0x00000000   Code   RO         1918    .ARM.Collect$$libinit$$00000021  c_p.l(libinit2.o)
    0x0800013a   0x0800013a   0x00000000   Code   RO         1920    .ARM.Collect$$libinit$$00000023  c_p.l(libinit2.o)
    0x0800013a   0x0800013a   0x00000000   Code   RO         1922    .ARM.Collect$$libinit$$00000025  c_p.l(libinit2.o)
    0x0800013a   0x0800013a   0x00000000   Code   RO         1926    .ARM.Collect$$libinit$$0000002C  c_p.l(libinit2.o)
    0x0800013a   0x0800013a   0x00000000   Code   RO         1928    .ARM.Collect$$libinit$$0000002E  c_p.l(libinit2.o)
    0x0800013a   0x0800013a   0x00000000   Code   RO         1930    .ARM.Collect$$libinit$$00000030  c_p.l(libinit2.o)
    0x0800013a   0x0800013a   0x00000004   Code   RO         1931    .ARM.Collect$$libinit$$00000031  c_p.l(libinit2.o)
    0x0800013e   0x0800013e   0x00000000   Code   RO         1932    .ARM.Collect$$libinit$$00000032  c_p.l(libinit2.o)
    0x0800013e   0x0800013e   0x00000002   Code   RO         1933    .ARM.Collect$$libinit$$00000033  c_p.l(libinit2.o)
    0x08000140   0x08000140   0x00000002   Code   RO         2018    .ARM.Collect$$libshutdown$$00000000  c_p.l(libshutdown.o)
    0x08000142   0x08000142   0x00000000   Code   RO         2034    .ARM.Collect$$libshutdown$$00000002  c_p.l(libshutdown2.o)
    0x08000142   0x08000142   0x00000000   Code   RO         2036    .ARM.Collect$$libshutdown$$00000004  c_p.l(libshutdown2.o)
    0x08000142   0x08000142   0x00000000   Code   RO         2039    .ARM.Collect$$libshutdown$$00000007  c_p.l(libshutdown2.o)
    0x08000142   0x08000142   0x00000000   Code   RO         2042    .ARM.Collect$$libshutdown$$0000000A  c_p.l(libshutdown2.o)
    0x08000142   0x08000142   0x00000000   Code   RO         2044    .ARM.Collect$$libshutdown$$0000000C  c_p.l(libshutdown2.o)
    0x08000142   0x08000142   0x00000000   Code   RO         2047    .ARM.Collect$$libshutdown$$0000000F  c_p.l(libshutdown2.o)
    0x08000142   0x08000142   0x00000002   Code   RO         2048    .ARM.Collect$$libshutdown$$00000010  c_p.l(libshutdown2.o)
    0x08000144   0x08000144   0x00000000   Code   RO         1884    .ARM.Collect$$rtentry$$00000000  c_p.l(__rtentry.o)
    0x08000144   0x08000144   0x00000000   Code   RO         1935    .ARM.Collect$$rtentry$$00000002  c_p.l(__rtentry2.o)
    0x08000144   0x08000144   0x00000006   Code   RO         1947    .ARM.Collect$$rtentry$$00000004  c_p.l(__rtentry4.o)
    0x0800014a   0x0800014a   0x00000000   Code   RO         1937    .ARM.Collect$$rtentry$$00000009  c_p.l(__rtentry2.o)
    0x0800014a   0x0800014a   0x00000004   Code   RO         1938    .ARM.Collect$$rtentry$$0000000A  c_p.l(__rtentry2.o)
    0x0800014e   0x0800014e   0x00000000   Code   RO         1940    .ARM.Collect$$rtentry$$0000000C  c_p.l(__rtentry2.o)
    0x0800014e   0x0800014e   0x00000008   Code   RO         1941    .ARM.Collect$$rtentry$$0000000D  c_p.l(__rtentry2.o)
    0x08000156   0x08000156   0x00000002   Code   RO         1980    .ARM.Collect$$rtexit$$00000000  c_p.l(rtexit.o)
    0x08000158   0x08000158   0x00000000   Code   RO         2000    .ARM.Collect$$rtexit$$00000002  c_p.l(rtexit2.o)
    0x08000158   0x08000158   0x00000004   Code   RO         2001    .ARM.Collect$$rtexit$$00000003  c_p.l(rtexit2.o)
    0x0800015c   0x0800015c   0x00000006   Code   RO         2002    .ARM.Collect$$rtexit$$00000004  c_p.l(rtexit2.o)
    0x08000162   0x08000162   0x00000002   PAD
    0x08000164   0x08000164   0x00000038   Code   RO            4    .text               startup_stm32f051x8.o
    0x0800019c   0x0800019c   0x00000040   Code   RO         1868    .text               c_p.l(rt_memclr.o)
    0x080001dc   0x080001dc   0x0000015a   Code   RO         1870    .text               c_p.l(aeabi_sdiv.o)
    0x08000336   0x08000336   0x00000006   Code   RO         1874    .text               c_p.l(heapauxi.o)
    0x0800033c   0x0800033c   0x00000024   Code   RO         1881    .text               c_p.l(init_aeabi.o)
    0x08000360   0x08000360   0x0000003e   Code   RO         1955    .text               c_p.l(sys_stackheap_outer.o)
    0x0800039e   0x0800039e   0x00000010   Code   RO         1958    .text               c_p.l(exit.o)
    0x080003ae   0x080003ae   0x00000002   PAD
    0x080003b0   0x080003b0   0x00000008   Code   RO         1976    .text               c_p.l(libspace.o)
    0x080003b8   0x080003b8   0x0000000c   Code   RO         1994    .text               c_p.l(sys_exit.o)
    0x080003c4   0x080003c4   0x00000002   Code   RO         1996    .text               c_p.l(use_no_semi.o)
    0x080003c6   0x080003c6   0x00000000   Code   RO         1998    .text               c_p.l(indicate_semi.o)
    0x080003c6   0x080003c6   0x00000002   Code   RO          199    i.Error_Handler     main.o
    0x080003c8   0x080003c8   0x000001ec   Code   RO         1166    i.HAL_GPIO_Init     stm32f0xx_hal_gpio.o
    0x080005b4   0x080005b4   0x00000008   Code   RO         1169    i.HAL_GPIO_TogglePin  stm32f0xx_hal_gpio.o
    0x080005bc   0x080005bc   0x0000000c   Code   RO         1170    i.HAL_GPIO_WritePin  stm32f0xx_hal_gpio.o
    0x080005c8   0x080005c8   0x0000000c   Code   RO          462    i.HAL_GetTick       stm32f0xx_hal.o
    0x080005d4   0x080005d4   0x00000010   Code   RO          466    i.HAL_IncTick       stm32f0xx_hal.o
    0x080005e4   0x080005e4   0x00000020   Code   RO          467    i.HAL_Init          stm32f0xx_hal.o
    0x08000604   0x08000604   0x00000026   Code   RO          468    i.HAL_InitTick      stm32f0xx_hal.o
    0x0800062a   0x0800062a   0x00000002   PAD
    0x0800062c   0x0800062c   0x0000003c   Code   RO          178    i.HAL_MspInit       stm32f0xx_hal_msp.o
    0x08000668   0x08000668   0x00000012   Code   RO         1352    i.HAL_NVIC_SetPriority  stm32f0xx_hal_cortex.o
    0x0800067a   0x0800067a   0x00000002   PAD
    0x0800067c   0x0800067c   0x00000194   Code   RO          314    i.HAL_RCC_ClockConfig  stm32f0xx_hal_rcc.o
    0x08000810   0x08000810   0x0000000c   Code   RO          319    i.HAL_RCC_GetHCLKFreq  stm32f0xx_hal_rcc.o
    0x0800081c   0x0800081c   0x000000c4   Code   RO          322    i.HAL_RCC_GetSysClockFreq  stm32f0xx_hal_rcc.o
    0x080008e0   0x080008e0   0x0000054c   Code   RO          325    i.HAL_RCC_OscConfig  stm32f0xx_hal_rcc.o
    0x08000e2c   0x08000e2c   0x00000024   Code   RO         1354    i.HAL_SYSTICK_CLKSourceConfig  stm32f0xx_hal_cortex.o
    0x08000e50   0x08000e50   0x00000038   Code   RO         1356    i.HAL_SYSTICK_Config  stm32f0xx_hal_cortex.o
    0x08000e88   0x08000e88   0x00000004   Code   RO          116    i.HardFault_Handler  stm32f0xx_it.o
    0x08000e8c   0x08000e8c   0x00000074   Code   RO           12    i.MX_GPIO_Init      gpio.o
    0x08000f00   0x08000f00   0x00000002   Code   RO          117    i.NMI_Handler       stm32f0xx_it.o
    0x08000f02   0x08000f02   0x00000002   Code   RO          118    i.PendSV_Handler    stm32f0xx_it.o
    0x08000f04   0x08000f04   0x00000002   Code   RO          119    i.SVC_Handler       stm32f0xx_it.o
    0x08000f06   0x08000f06   0x00000002   PAD
    0x08000f08   0x08000f08   0x00000014   Code   RO          120    i.SysTick_Handler   stm32f0xx_it.o
    0x08000f1c   0x08000f1c   0x00000074   Code   RO         1832    i.SystemInit        system_stm32f0xx.o
    0x08000f90   0x08000f90   0x00000078   Code   RO         1358    i._Z16NVIC_SetPriority9IRQn_Typej  stm32f0xx_hal_cortex.o
    0x08001008   0x08001008   0x0000007e   Code   RO          201    i._Z18SystemClock_Configv  main.o
    0x08001086   0x08001086   0x00000010   Code   RO          242    i._ZN4CLed3offEv    api_led.o
    0x08001096   0x08001096   0x0000000e   Code   RO          243    i._ZN4CLed6toggleEv  api_led.o
    0x080010a4   0x080010a4   0x0000001e   Code   RO          244    i._ZN4CLed9runToggleEv  api_led.o
    0x080010c2   0x080010c2   0x0000001e   Code   RO          245    i._ZN4CLedC1EP12GPIO_TypeDeftt  api_led.o
    0x080010e0   0x080010e0   0x00000018   Code   RO          121    i.__sti___14_stm32f0xx_it_c_LED  stm32f0xx_it.o
    0x080010f8   0x080010f8   0x00000010   Code   RO          202    i.main              main.o
    0x08001108   0x08001108   0x00000018   Data   RO         1835    .constdata          system_stm32f0xx.o
    0x08001120   0x08001120   0x00000020   Data   RO         2049    Region$$Table       anon$$obj.o
    0x08001140   0x08001140   0x00000004   Data   RO          129    .init_array         stm32f0xx_it.o
    0x08001144   0x08001140   0x00000000   Data   RO         1879    .init_array         c_p.l(init_aeabi.o)


    Execution Region RW_IRAM1 (Exec base: 0x20000000, Load base: 0x08001144, Size: 0x00000678, Max: 0x00002000, ABSOLUTE)

    Exec Addr    Load Addr    Size         Type   Attr      Idx    E Section Name        Object

    0x20000000   0x08001144   0x00000004   Data   RW          493    .data               stm32f0xx_hal.o
    0x20000004   0x08001148   0x00000004   Data   RW         1836    .data               system_stm32f0xx.o
    0x20000008        -       0x0000000c   Zero   RW          128    .bss                stm32f0xx_it.o
    0x20000014        -       0x00000060   Zero   RW         1977    .bss                c_p.l(libspace.o)
    0x20000074   0x0800114c   0x00000004   PAD
    0x20000078        -       0x00000200   Zero   RW            2    HEAP                startup_stm32f051x8.o
    0x20000278        -       0x00000400   Zero   RW            1    STACK               startup_stm32f051x8.o


==============================================================================

Image component sizes


      Code (inc. data)   RO Data    RW Data    ZI Data      Debug   Object Name

        90          0          0          0          0       2224   api_led.o
       116         10          0          0          0     256663   gpio.o
       144          0          0          0          0       1432   main.o
        56         26        188          0       1536        636   startup_stm32f051x8.o
        98         14          0          4          0       3075   stm32f0xx_hal.o
       230         24          0          0          0       8890   stm32f0xx_hal_cortex.o
       512         26          0          0          0       2797   stm32f0xx_hal_gpio.o
        60          4          0          0          0        818   stm32f0xx_hal_msp.o
      1968         92          0          0          0       4390   stm32f0xx_hal_rcc.o
        54         14          4          0         12       2953   stm32f0xx_it.o
       116         12         24          4          0       1155   system_stm32f0xx.o

    ----------------------------------------------------------------------
      3450        222        248          8       1548     285033   Object Totals
         0          0         32          0          0          0   (incl. Generated)
         6          0          0          0          0          0   (incl. Padding)

    ----------------------------------------------------------------------

      Code (inc. data)   RO Data    RW Data    ZI Data      Debug   Library Member Name

         8          0          0          0          0         68   __main.o
         0          0          0          0          0          0   __rtentry.o
        12          0          0          0          0          0   __rtentry2.o
         6          0          0          0          0          0   __rtentry4.o
        60          8          0          0          0          0   __scatter.o
        26          0          0          0          0          0   __scatter_copy.o
        28          0          0          0          0          0   __scatter_zi.o
       346          0          0          0          0         92   aeabi_sdiv.o
        16          0          0          0          0         68   exit.o
         6          0          0          0          0        136   heapauxi.o
         0          0          0          0          0          0   indicate_semi.o
        36         10          0          0          0         72   init_aeabi.o
         2          0          0          0          0          0   libinit.o
         6          0          0          0          0          0   libinit2.o
         2          0          0          0          0          0   libshutdown.o
         2          0          0          0          0          0   libshutdown2.o
         8          4          0          0         96         68   libspace.o
        64          0          0          0          0        108   rt_memclr.o
         2          0          0          0          0          0   rtexit.o
        10          0          0          0          0          0   rtexit2.o
        12          4          0          0          0         60   sys_exit.o
        62          0          0          0          0         80   sys_stackheap_outer.o
         2          0          0          0          0         68   use_no_semi.o

    ----------------------------------------------------------------------
       722         26          0          0        100        820   Library Totals
         6          0          0          0          4          0   (incl. Padding)

    ----------------------------------------------------------------------

      Code (inc. data)   RO Data    RW Data    ZI Data      Debug   Library Name

       716         26          0          0         96        820   c_p.l

    ----------------------------------------------------------------------
       722         26          0          0        100        820   Library Totals

    ----------------------------------------------------------------------

==============================================================================


      Code (inc. data)   RO Data    RW Data    ZI Data      Debug   

      4172        248        248          8       1648     284477   Grand Totals
      4172        248        248          8       1648     284477   ELF Image Totals
      4172        248        248          8          0          0   ROM Totals

==============================================================================

    Total RO  Size (Code + RO Data)                 4420 (   4.32kB)
    Total RW  Size (RW Data + ZI Data)              1656 (   1.62kB)
    Total ROM Size (Code + RO Data + RW Data)       4428 (   4.32kB)

==============================================================================

